[2026-05-05T18:36:30.179+0000] {taskinstance.py:1956} INFO - Dependencies all met for dep_context=non-requeueable deps ti=<TaskInstance: f1_bigdata_pipeline.retrain_models manual__2026-05-05T18:31:20.035006+00:00 [queued]>
[2026-05-05T18:36:30.182+0000] {taskinstance.py:1956} INFO - Dependencies all met for dep_context=requeueable deps ti=<TaskInstance: f1_bigdata_pipeline.retrain_models manual__2026-05-05T18:31:20.035006+00:00 [queued]>
[2026-05-05T18:36:30.183+0000] {taskinstance.py:2170} INFO - Starting attempt 1 of 3
[2026-05-05T18:36:30.187+0000] {taskinstance.py:2191} INFO - Executing <Task(BashOperator): retrain_models> on 2026-05-05 18:31:20.035006+00:00
[2026-05-05T18:36:30.192+0000] {standard_task_runner.py:60} INFO - Started process 17566 to run task
[2026-05-05T18:36:30.194+0000] {standard_task_runner.py:87} INFO - Running: ['airflow', 'tasks', 'run', 'f1_bigdata_pipeline', 'retrain_models', 'manual__2026-05-05T18:31:20.035006+00:00', '--job-id', '63', '--raw', '--subdir', 'DAGS_FOLDER/f1_pipeline_dag.py', '--cfg-path', '/tmp/tmp_g962p42']
[2026-05-05T18:36:30.195+0000] {standard_task_runner.py:88} INFO - Job 63: Subtask retrain_models
[2026-05-05T18:36:30.217+0000] {task_command.py:423} INFO - Running <TaskInstance: f1_bigdata_pipeline.retrain_models manual__2026-05-05T18:31:20.035006+00:00 [running]> on host 6879df3dac39
[2026-05-05T18:36:30.256+0000] {taskinstance.py:2480} INFO - Exporting env vars: AIRFLOW_CTX_DAG_OWNER='f1_bigdata' AIRFLOW_CTX_DAG_ID='f1_bigdata_pipeline' AIRFLOW_CTX_TASK_ID='retrain_models' AIRFLOW_CTX_EXECUTION_DATE='2026-05-05T18:31:20.035006+00:00' AIRFLOW_CTX_TRY_NUMBER='1' AIRFLOW_CTX_DAG_RUN_ID='manual__2026-05-05T18:31:20.035006+00:00'
[2026-05-05T18:36:30.256+0000] {subprocess.py:63} INFO - Tmp dir root location: /tmp
[2026-05-05T18:36:30.257+0000] {subprocess.py:75} INFO - Running command: ['/usr/bin/bash', '-c', '\n        cd /opt/airflow &&\n        python -c "\nimport sys\nsys.path.insert(0, \'/opt/airflow\')\n\nfrom enhanced_pipeline import build_weather_features, merge_weather_into_gold\nbuild_weather_features()\nmerge_weather_into_gold()\n\nfrom ml.integrate_idle_data import merge_all_into_gold\nmerge_all_into_gold()\n\nfrom ml.model_comparison import main as compare_main\ncompare_main()\nprint(\'Models retrained\')\n"\n    ']
[2026-05-05T18:36:30.261+0000] {subprocess.py:86} INFO - Output:
[2026-05-05T18:36:32.825+0000] {subprocess.py:93} INFO - 2026-05-05 18:36:32,824 | model_comparison | INFO | 🏎️  F1 ML Model Comparison — 3 Tree-Based Ensembles
[2026-05-05T18:36:32.828+0000] {subprocess.py:93} INFO - 2026-05-05 18:36:32,824 | model_comparison | INFO | ======================================================================
[2026-05-05T18:36:32.828+0000] {subprocess.py:93} INFO - 2026-05-05 18:36:32,824 | model_comparison | INFO |
[2026-05-05T18:36:32.828+0000] {subprocess.py:93} INFO - MODEL EXPLANATIONS:
[2026-05-05T18:36:32.829+0000] {subprocess.py:93} INFO - 2026-05-05 18:36:32,824 | model_comparison | INFO |
[2026-05-05T18:36:32.829+0000] {subprocess.py:93} INFO -   Random Forest (Bagging Ensemble):
[2026-05-05T18:36:32.829+0000] {subprocess.py:93} INFO - 2026-05-05 18:36:32,824 | model_comparison | INFO |     How: Builds many independent decision trees on random subsets of data. Each tree votes on the prediction and the majority/average wins. Trees are built in PARALLEL — they don't learn from each other.
[2026-05-05T18:36:32.829+0000] {subprocess.py:93} INFO - 2026-05-05 18:36:32,824 | model_comparison | INFO |     Strengths: Resistant to overfitting, handles missing values, fast to train
[2026-05-05T18:36:32.830+0000] {subprocess.py:93} INFO - 2026-05-05 18:36:32,824 | model_comparison | INFO |     Weaknesses: Cannot extrapolate beyond training data range, less accurate than boosting
[2026-05-05T18:36:32.830+0000] {subprocess.py:93} INFO - 2026-05-05 18:36:32,824 | model_comparison | INFO |     Analogy: Like asking 200 different F1 analysts to predict independently, then averaging their answers. Each analyst only sees part of the data.
[2026-05-05T18:36:32.830+0000] {subprocess.py:93} INFO - 2026-05-05 18:36:32,824 | model_comparison | INFO |
[2026-05-05T18:36:32.830+0000] {subprocess.py:93} INFO -   Gradient Boosting (Boosting Ensemble):
[2026-05-05T18:36:32.830+0000] {subprocess.py:93} INFO - 2026-05-05 18:36:32,824 | model_comparison | INFO |     How: Builds trees SEQUENTIALLY — each new tree focuses on correcting the mistakes of the previous trees. Early trees capture the big patterns, later trees fix the details. Learning rate controls how much each tree contributes.
[2026-05-05T18:36:32.830+0000] {subprocess.py:93} INFO - 2026-05-05 18:36:32,824 | model_comparison | INFO |     Strengths: Very accurate, captures complex patterns, good feature importance
[2026-05-05T18:36:32.830+0000] {subprocess.py:93} INFO - 2026-05-05 18:36:32,824 | model_comparison | INFO |     Weaknesses: Slower to train, can overfit if not tuned, sensitive to noise
[2026-05-05T18:36:32.830+0000] {subprocess.py:93} INFO - 2026-05-05 18:36:32,824 | model_comparison | INFO |     Analogy: Like an F1 team reviewing each race, identifying what went wrong, and adjusting strategy for the next race. Each iteration improves on the last.
[2026-05-05T18:36:32.830+0000] {subprocess.py:93} INFO - 2026-05-05 18:36:32,824 | model_comparison | INFO |
[2026-05-05T18:36:32.831+0000] {subprocess.py:93} INFO -   XGBoost (Advanced Boosting (Extreme Gradient Boosting)):
[2026-05-05T18:36:32.831+0000] {subprocess.py:93} INFO - 2026-05-05 18:36:32,824 | model_comparison | INFO |     How: Same sequential boosting concept as Gradient Boosting, but with key optimizations: built-in regularization (L1/L2) to prevent overfitting, column subsampling (like Random Forest), efficient sparse data handling, and parallel tree construction within each boosting round.
[2026-05-05T18:36:32.831+0000] {subprocess.py:93} INFO - 2026-05-05 18:36:32,824 | model_comparison | INFO |     Strengths: State-of-the-art accuracy, built-in regularization, handles missing values natively
[2026-05-05T18:36:32.831+0000] {subprocess.py:93} INFO - 2026-05-05 18:36:32,824 | model_comparison | INFO |     Weaknesses: More hyperparameters to tune, slightly harder to interpret
[2026-05-05T18:36:32.831+0000] {subprocess.py:93} INFO - 2026-05-05 18:36:32,824 | model_comparison | INFO |     Analogy: Like Gradient Boosting but with a smarter engineer who also considers 'what if I am wrong?' (regularization) and uses shortcuts to work faster.
[2026-05-05T18:36:32.843+0000] {subprocess.py:93} INFO - 2026-05-05 18:36:32,842 | model_comparison | INFO | Loaded race_prediction_features_complete.parquet: 3524 rows, 85 columns
[2026-05-05T18:36:32.865+0000] {subprocess.py:93} INFO - 2026-05-05 18:36:32,865 | model_comparison | INFO | Features: 79 | Train: 2979 | Test: 545
[2026-05-05T18:36:32.865+0000] {subprocess.py:93} INFO - 2026-05-05 18:36:32,865 | model_comparison | INFO |
[2026-05-05T18:36:32.866+0000] {subprocess.py:93} INFO - ======================================================================
[2026-05-05T18:36:32.866+0000] {subprocess.py:93} INFO - 2026-05-05 18:36:32,865 | model_comparison | INFO | TASK 1: POSITION PREDICTION — Which position will the driver finish?
[2026-05-05T18:36:32.866+0000] {subprocess.py:93} INFO - 2026-05-05 18:36:32,865 | model_comparison | INFO | ======================================================================
[2026-05-05T18:36:32.867+0000] {subprocess.py:93} INFO - 2026-05-05 18:36:32,867 | model_comparison | INFO | Train: 2979 | Test: 545
[2026-05-05T18:36:32.867+0000] {subprocess.py:93} INFO - 2026-05-05 18:36:32,867 | model_comparison | INFO |
[2026-05-05T18:36:32.867+0000] {subprocess.py:93} INFO -   [Random Forest] — Bagging Ensemble
[2026-05-05T18:36:37.357+0000] {subprocess.py:93} INFO - 2026-05-05 18:36:37,356 | model_comparison | INFO |   MAE: 2.187 | RMSE: 3.149 | R²: 0.709 | CV MAE: 2.249
[2026-05-05T18:36:37.360+0000] {subprocess.py:93} INFO - 2026-05-05 18:36:37,356 | model_comparison | INFO |
[2026-05-05T18:36:37.361+0000] {subprocess.py:93} INFO -   [Gradient Boosting] — Boosting Ensemble
[2026-05-05T18:37:07.747+0000] {subprocess.py:93} INFO - 2026-05-05 18:37:07,746 | model_comparison | INFO |   MAE: 2.147 | RMSE: 3.051 | R²: 0.727 | CV MAE: 2.155
[2026-05-05T18:37:07.751+0000] {subprocess.py:93} INFO - 2026-05-05 18:37:07,747 | model_comparison | INFO |
[2026-05-05T18:37:07.751+0000] {subprocess.py:93} INFO -   [XGBoost] — Advanced Boosting (Extreme Gradient Boosting)
[2026-05-05T18:37:09.601+0000] {subprocess.py:93} INFO - 2026-05-05 18:37:09,601 | model_comparison | INFO |   MAE: 2.085 | RMSE: 2.969 | R²: 0.742 | CV MAE: 2.161
[2026-05-05T18:37:09.614+0000] {subprocess.py:93} INFO - 2026-05-05 18:37:09,614 | model_comparison | INFO |
[2026-05-05T18:37:09.615+0000] {subprocess.py:93} INFO -   🏆 BEST: XGBoost (MAE: 2.085)
[2026-05-05T18:37:09.616+0000] {subprocess.py:93} INFO - 2026-05-05 18:37:09,616 | model_comparison | INFO |
[2026-05-05T18:37:09.616+0000] {subprocess.py:93} INFO - ======================================================================
[2026-05-05T18:37:09.617+0000] {subprocess.py:93} INFO - 2026-05-05 18:37:09,616 | model_comparison | INFO | TASK 2: PODIUM CLASSIFICATION — Will the driver finish top 3?
[2026-05-05T18:37:09.617+0000] {subprocess.py:93} INFO - 2026-05-05 18:37:09,616 | model_comparison | INFO | ======================================================================
[2026-05-05T18:37:09.619+0000] {subprocess.py:93} INFO - 2026-05-05 18:37:09,619 | model_comparison | INFO | Train: 2979 | Test: 545 | Podium rate: 14.9%
[2026-05-05T18:37:09.619+0000] {subprocess.py:93} INFO - 2026-05-05 18:37:09,619 | model_comparison | INFO |
[2026-05-05T18:37:09.619+0000] {subprocess.py:93} INFO -   [Random Forest] — Bagging Ensemble
[2026-05-05T18:37:09.962+0000] {subprocess.py:93} INFO - 2026-05-05 18:37:09,962 | model_comparison | INFO |   Acc: 0.928 | Prec: 0.744 | Rec: 0.790 | F1: 0.766
[2026-05-05T18:37:09.962+0000] {subprocess.py:93} INFO - 2026-05-05 18:37:09,962 | model_comparison | INFO |
[2026-05-05T18:37:09.963+0000] {subprocess.py:93} INFO -   [Gradient Boosting] — Boosting Ensemble
[2026-05-05T18:37:16.467+0000] {subprocess.py:93} INFO - 2026-05-05 18:37:16,465 | model_comparison | INFO |   Acc: 0.932 | Prec: 0.762 | Rec: 0.790 | F1: 0.776
[2026-05-05T18:37:16.471+0000] {subprocess.py:93} INFO - 2026-05-05 18:37:16,466 | model_comparison | INFO |
[2026-05-05T18:37:16.471+0000] {subprocess.py:93} INFO -   [XGBoost] — Advanced Boosting (Extreme Gradient Boosting)
[2026-05-05T18:37:16.786+0000] {subprocess.py:93} INFO - 2026-05-05 18:37:16,786 | model_comparison | INFO |   Acc: 0.928 | Prec: 0.762 | Rec: 0.753 | F1: 0.758
[2026-05-05T18:37:16.797+0000] {subprocess.py:93} INFO - 2026-05-05 18:37:16,797 | model_comparison | INFO |
[2026-05-05T18:37:16.797+0000] {subprocess.py:93} INFO -   🏆 BEST: Gradient Boosting (F1: 0.776)
[2026-05-05T18:37:16.799+0000] {subprocess.py:93} INFO - 2026-05-05 18:37:16,799 | model_comparison | INFO |
[2026-05-05T18:37:16.799+0000] {subprocess.py:93} INFO - ======================================================================
[2026-05-05T18:37:16.799+0000] {subprocess.py:93} INFO - 2026-05-05 18:37:16,799 | model_comparison | INFO | TASK 3: WINNER PREDICTION — Who will win the race?
[2026-05-05T18:37:16.800+0000] {subprocess.py:93} INFO - 2026-05-05 18:37:16,799 | model_comparison | INFO | ======================================================================
[2026-05-05T18:37:16.803+0000] {subprocess.py:93} INFO - 2026-05-05 18:37:16,803 | model_comparison | INFO |
[2026-05-05T18:37:16.803+0000] {subprocess.py:93} INFO -   [Random Forest] — Bagging Ensemble
[2026-05-05T18:37:17.578+0000] {subprocess.py:93} INFO - 2026-05-05 18:37:17,578 | model_comparison | INFO |   Winner: 20/27 (74.1%) | Top-3: 27/27 (100.0%)
[2026-05-05T18:37:17.578+0000] {subprocess.py:93} INFO - 2026-05-05 18:37:17,578 | model_comparison | INFO |
[2026-05-05T18:37:17.578+0000] {subprocess.py:93} INFO -   [Gradient Boosting] — Boosting Ensemble
[2026-05-05T18:37:26.306+0000] {subprocess.py:93} INFO - 2026-05-05 18:37:26,305 | model_comparison | INFO |   Winner: 21/27 (77.8%) | Top-3: 26/27 (96.3%)
[2026-05-05T18:37:26.310+0000] {subprocess.py:93} INFO - 2026-05-05 18:37:26,306 | model_comparison | INFO |
[2026-05-05T18:37:26.310+0000] {subprocess.py:93} INFO -   [XGBoost] — Advanced Boosting (Extreme Gradient Boosting)
[2026-05-05T18:37:26.650+0000] {subprocess.py:93} INFO - 2026-05-05 18:37:26,650 | model_comparison | INFO |   Winner: 20/27 (74.1%) | Top-3: 27/27 (100.0%)
[2026-05-05T18:37:26.654+0000] {subprocess.py:93} INFO - 2026-05-05 18:37:26,654 | model_comparison | INFO |
[2026-05-05T18:37:26.654+0000] {subprocess.py:93} INFO -   Sample Predictions (Gradient Boosting):
[2026-05-05T18:37:26.657+0000] {subprocess.py:93} INFO - 2026-05-05 18:37:26,657 | model_comparison | INFO |     ✗ 2025 R 1 | Predicted: Max Verstappen (31%), Lando Norris (16%), Oscar Piastri (5%) | Actual: Lando Norris
[2026-05-05T18:37:26.658+0000] {subprocess.py:93} INFO - 2026-05-05 18:37:26,658 | model_comparison | INFO |     ✓ 2025 R 2 | Predicted: Oscar Piastri (49%), George Russell (2%), Max Verstappen (2%) | Actual: Oscar Piastri
[2026-05-05T18:37:26.658+0000] {subprocess.py:93} INFO - 2026-05-05 18:37:26,658 | model_comparison | INFO |     ✓ 2025 R 3 | Predicted: Max Verstappen (40%), Lando Norris (5%), Charles Leclerc (1%) | Actual: Max Verstappen
[2026-05-05T18:37:26.659+0000] {subprocess.py:93} INFO - 2026-05-05 18:37:26,659 | model_comparison | INFO |     ✓ 2025 R 4 | Predicted: Oscar Piastri (77%), Max Verstappen (5%), George Russell (5%) | Actual: Oscar Piastri
[2026-05-05T18:37:26.659+0000] {subprocess.py:93} INFO - 2026-05-05 18:37:26,659 | model_comparison | INFO |     ✗ 2025 R 5 | Predicted: Max Verstappen (64%), Oscar Piastri (44%), George Russell (4%) | Actual: Oscar Piastri
[2026-05-05T18:37:26.660+0000] {subprocess.py:93} INFO - 2026-05-05 18:37:26,660 | model_comparison | INFO |     ✗ 2025 R 6 | Predicted: Lando Norris (16%), Max Verstappen (6%), Oscar Piastri (6%) | Actual: Oscar Piastri
[2026-05-05T18:37:26.660+0000] {subprocess.py:93} INFO - 2026-05-05 18:37:26,660 | model_comparison | INFO |     ✓ 2025 R 7 | Predicted: Max Verstappen (63%), Oscar Piastri (22%), Lando Norris (2%) | Actual: Max Verstappen
[2026-05-05T18:37:26.661+0000] {subprocess.py:93} INFO - 2026-05-05 18:37:26,661 | model_comparison | INFO |     ✓ 2025 R 8 | Predicted: Lando Norris (86%), Oscar Piastri (55%), Charles Leclerc (52%) | Actual: Lando Norris
[2026-05-05T18:37:26.661+0000] {subprocess.py:93} INFO - 2026-05-05 18:37:26,661 | model_comparison | INFO |     ✓ 2025 R 9 | Predicted: Oscar Piastri (60%), Max Verstappen (14%), Lando Norris (13%) | Actual: Oscar Piastri
[2026-05-05T18:37:26.662+0000] {subprocess.py:93} INFO - 2026-05-05 18:37:26,662 | model_comparison | INFO |     ✓ 2025 R10 | Predicted: George Russell (25%), Max Verstappen (17%), Lando Norris (15%) | Actual: George Russell
[2026-05-05T18:37:26.662+0000] {subprocess.py:93} INFO - 2026-05-05 18:37:26,662 | model_comparison | INFO |     ... (17 more)
[2026-05-05T18:37:26.674+0000] {subprocess.py:93} INFO - 2026-05-05 18:37:26,674 | model_comparison | INFO |
[2026-05-05T18:37:26.674+0000] {subprocess.py:93} INFO -   🏆 BEST: Gradient Boosting (Winner: 77.8%)
[2026-05-05T18:37:26.678+0000] {subprocess.py:93} INFO - 2026-05-05 18:37:26,678 | model_comparison | INFO |
[2026-05-05T18:37:26.678+0000] {subprocess.py:93} INFO - ======================================================================
[2026-05-05T18:37:26.679+0000] {subprocess.py:93} INFO - 2026-05-05 18:37:26,678 | model_comparison | INFO | FINAL COMPARISON
[2026-05-05T18:37:26.679+0000] {subprocess.py:93} INFO - 2026-05-05 18:37:26,678 | model_comparison | INFO | ======================================================================
[2026-05-05T18:37:26.679+0000] {subprocess.py:93} INFO - 2026-05-05 18:37:26,678 | model_comparison | INFO |
[2026-05-05T18:37:26.679+0000] {subprocess.py:93} INFO -   POSITION PREDICTION (lower MAE = better):
[2026-05-05T18:37:26.679+0000] {subprocess.py:93} INFO - 2026-05-05 18:37:26,678 | model_comparison | INFO |     XGBoost                   MAE: 2.085  RMSE: 2.969  R²: 0.742 🏆
[2026-05-05T18:37:26.679+0000] {subprocess.py:93} INFO - 2026-05-05 18:37:26,678 | model_comparison | INFO |     Gradient Boosting         MAE: 2.147  RMSE: 3.051  R²: 0.727
[2026-05-05T18:37:26.679+0000] {subprocess.py:93} INFO - 2026-05-05 18:37:26,678 | model_comparison | INFO |     Random Forest             MAE: 2.187  RMSE: 3.149  R²: 0.709
[2026-05-05T18:37:26.680+0000] {subprocess.py:93} INFO - 2026-05-05 18:37:26,678 | model_comparison | INFO |
[2026-05-05T18:37:26.680+0000] {subprocess.py:93} INFO -   PODIUM CLASSIFICATION (higher F1 = better):
[2026-05-05T18:37:26.680+0000] {subprocess.py:93} INFO - 2026-05-05 18:37:26,678 | model_comparison | INFO |     Gradient Boosting         F1: 0.776  Acc: 0.932  Prec: 0.762  Rec: 0.790 🏆
[2026-05-05T18:37:26.680+0000] {subprocess.py:93} INFO - 2026-05-05 18:37:26,678 | model_comparison | INFO |     Random Forest             F1: 0.766  Acc: 0.928  Prec: 0.744  Rec: 0.790
[2026-05-05T18:37:26.680+0000] {subprocess.py:93} INFO - 2026-05-05 18:37:26,678 | model_comparison | INFO |     XGBoost                   F1: 0.758  Acc: 0.928  Prec: 0.762  Rec: 0.753
[2026-05-05T18:37:26.680+0000] {subprocess.py:93} INFO - 2026-05-05 18:37:26,678 | model_comparison | INFO |
[2026-05-05T18:37:26.680+0000] {subprocess.py:93} INFO -   WINNER PREDICTION (higher accuracy = better):
[2026-05-05T18:37:26.680+0000] {subprocess.py:93} INFO - 2026-05-05 18:37:26,678 | model_comparison | INFO |     Gradient Boosting         Winner: 77.8%  Top-3: 96.3%  (21/27) 🏆
[2026-05-05T18:37:26.681+0000] {subprocess.py:93} INFO - 2026-05-05 18:37:26,679 | model_comparison | INFO |     Random Forest             Winner: 74.1%  Top-3: 100.0%  (20/27)
[2026-05-05T18:37:26.681+0000] {subprocess.py:93} INFO - 2026-05-05 18:37:26,679 | model_comparison | INFO |     XGBoost                   Winner: 74.1%  Top-3: 100.0%  (20/27)
[2026-05-05T18:37:26.681+0000] {subprocess.py:93} INFO - 2026-05-05 18:37:26,679 | model_comparison | INFO |
[2026-05-05T18:37:26.681+0000] {subprocess.py:93} INFO -   WHY THESE 3 MODELS?
[2026-05-05T18:37:26.681+0000] {subprocess.py:93} INFO - 2026-05-05 18:37:26,679 | model_comparison | INFO |     Random Forest  = Bagging (parallel trees, majority vote)
[2026-05-05T18:37:26.682+0000] {subprocess.py:93} INFO - 2026-05-05 18:37:26,679 | model_comparison | INFO |     Gradient Boost = Boosting (sequential trees, learn from mistakes)
[2026-05-05T18:37:26.682+0000] {subprocess.py:93} INFO - 2026-05-05 18:37:26,679 | model_comparison | INFO |     XGBoost        = Advanced Boosting (regularized, optimized)
[2026-05-05T18:37:26.682+0000] {subprocess.py:93} INFO - 2026-05-05 18:37:26,679 | model_comparison | INFO |     All three are tree-based ensembles — the gold standard for tabular data.
[2026-05-05T18:37:26.682+0000] {subprocess.py:93} INFO - 2026-05-05 18:37:26,679 | model_comparison | INFO |
[2026-05-05T18:37:26.682+0000] {subprocess.py:93} INFO - 🏁 Comparison complete
[2026-05-05T18:37:26.682+0000] {subprocess.py:93} INFO - Models retrained
[2026-05-05T18:37:26.897+0000] {subprocess.py:97} INFO - Command exited with return code 0
[2026-05-05T18:37:26.940+0000] {taskinstance.py:1138} INFO - Marking task as SUCCESS. dag_id=f1_bigdata_pipeline, task_id=retrain_models, execution_date=20260505T183120, start_date=20260505T183630, end_date=20260505T183726
[2026-05-05T18:37:26.960+0000] {local_task_job_runner.py:234} INFO - Task exited with return code 0
[2026-05-05T18:37:26.982+0000] {taskinstance.py:3280} INFO - 1 downstream tasks scheduled from follow-on schedule check
