[2026-05-04T07:12:10.671+0000] {taskinstance.py:1956} INFO - Dependencies all met for dep_context=non-requeueable deps ti=<TaskInstance: f1_bigdata_pipeline.spark_silver_transform scheduled__2026-04-27T06:00:00+00:00 [queued]>
[2026-05-04T07:12:10.675+0000] {taskinstance.py:1956} INFO - Dependencies all met for dep_context=requeueable deps ti=<TaskInstance: f1_bigdata_pipeline.spark_silver_transform scheduled__2026-04-27T06:00:00+00:00 [queued]>
[2026-05-04T07:12:10.676+0000] {taskinstance.py:2170} INFO - Starting attempt 1 of 3
[2026-05-04T07:12:10.686+0000] {taskinstance.py:2191} INFO - Executing <Task(BashOperator): spark_silver_transform> on 2026-04-27 06:00:00+00:00
[2026-05-04T07:12:10.701+0000] {standard_task_runner.py:60} INFO - Started process 14097 to run task
[2026-05-04T07:12:10.704+0000] {standard_task_runner.py:87} INFO - Running: ['airflow', 'tasks', 'run', 'f1_bigdata_pipeline', 'spark_silver_transform', 'scheduled__2026-04-27T06:00:00+00:00', '--job-id', '58', '--raw', '--subdir', 'DAGS_FOLDER/f1_pipeline_dag.py', '--cfg-path', '/tmp/tmppbi0qa4g']
[2026-05-04T07:12:10.705+0000] {standard_task_runner.py:88} INFO - Job 58: Subtask spark_silver_transform
[2026-05-04T07:12:10.740+0000] {task_command.py:423} INFO - Running <TaskInstance: f1_bigdata_pipeline.spark_silver_transform scheduled__2026-04-27T06:00:00+00:00 [running]> on host 6879df3dac39
[2026-05-04T07:12:10.796+0000] {taskinstance.py:2480} INFO - Exporting env vars: AIRFLOW_CTX_DAG_OWNER='f1_bigdata' AIRFLOW_CTX_DAG_ID='f1_bigdata_pipeline' AIRFLOW_CTX_TASK_ID='spark_silver_transform' AIRFLOW_CTX_EXECUTION_DATE='2026-04-27T06:00:00+00:00' AIRFLOW_CTX_TRY_NUMBER='1' AIRFLOW_CTX_DAG_RUN_ID='scheduled__2026-04-27T06:00:00+00:00'
[2026-05-04T07:12:10.797+0000] {subprocess.py:63} INFO - Tmp dir root location: /tmp
[2026-05-04T07:12:10.798+0000] {subprocess.py:75} INFO - Running command: ['/usr/bin/bash', '-c', '\n        docker exec f1_spark_master /opt/spark/bin/spark-submit             --master spark://spark-master:7077             --driver-memory 1g             --executor-memory 1g             /opt/spark-jobs/spark_silver.py\n    ']
[2026-05-04T07:12:10.805+0000] {subprocess.py:86} INFO - Output:
[2026-05-04T07:12:14.038+0000] {subprocess.py:93} INFO - 26/05/04 07:12:14 INFO SparkContext: Running Spark version 3.5.1
[2026-05-04T07:12:14.041+0000] {subprocess.py:93} INFO - 26/05/04 07:12:14 INFO SparkContext: OS info Linux, 6.6.32-linuxkit, aarch64
[2026-05-04T07:12:14.041+0000] {subprocess.py:93} INFO - 26/05/04 07:12:14 INFO SparkContext: Java version 11.0.22
[2026-05-04T07:12:14.090+0000] {subprocess.py:93} INFO - 26/05/04 07:12:14 WARN NativeCodeLoader: Unable to load native-hadoop library for your platform... using builtin-java classes where applicable
[2026-05-04T07:12:14.155+0000] {subprocess.py:93} INFO - 26/05/04 07:12:14 INFO ResourceUtils: ==============================================================
[2026-05-04T07:12:14.155+0000] {subprocess.py:93} INFO - 26/05/04 07:12:14 INFO ResourceUtils: No custom resources configured for spark.driver.
[2026-05-04T07:12:14.155+0000] {subprocess.py:93} INFO - 26/05/04 07:12:14 INFO ResourceUtils: ==============================================================
[2026-05-04T07:12:14.156+0000] {subprocess.py:93} INFO - 26/05/04 07:12:14 INFO SparkContext: Submitted application: F1_BigData_Silver
[2026-05-04T07:12:14.173+0000] {subprocess.py:93} INFO - 26/05/04 07:12:14 INFO ResourceProfile: Default ResourceProfile created, executor resources: Map(memory -> name: memory, amount: 1024, script: , vendor: , offHeap -> name: offHeap, amount: 0, script: , vendor: ), task resources: Map(cpus -> name: cpus, amount: 1.0)
[2026-05-04T07:12:14.186+0000] {subprocess.py:93} INFO - 26/05/04 07:12:14 INFO ResourceProfile: Limiting resource is cpu
[2026-05-04T07:12:14.187+0000] {subprocess.py:93} INFO - 26/05/04 07:12:14 INFO ResourceProfileManager: Added ResourceProfile id: 0
[2026-05-04T07:12:14.217+0000] {subprocess.py:93} INFO - 26/05/04 07:12:14 INFO SecurityManager: Changing view acls to: spark
[2026-05-04T07:12:14.217+0000] {subprocess.py:93} INFO - 26/05/04 07:12:14 INFO SecurityManager: Changing modify acls to: spark
[2026-05-04T07:12:14.218+0000] {subprocess.py:93} INFO - 26/05/04 07:12:14 INFO SecurityManager: Changing view acls groups to:
[2026-05-04T07:12:14.218+0000] {subprocess.py:93} INFO - 26/05/04 07:12:14 INFO SecurityManager: Changing modify acls groups to:
[2026-05-04T07:12:14.218+0000] {subprocess.py:93} INFO - 26/05/04 07:12:14 INFO SecurityManager: SecurityManager: authentication disabled; ui acls disabled; users with view permissions: spark; groups with view permissions: EMPTY; users with modify permissions: spark; groups with modify permissions: EMPTY
[2026-05-04T07:12:14.404+0000] {subprocess.py:93} INFO - 26/05/04 07:12:14 INFO Utils: Successfully started service 'sparkDriver' on port 33535.
[2026-05-04T07:12:14.422+0000] {subprocess.py:93} INFO - 26/05/04 07:12:14 INFO SparkEnv: Registering MapOutputTracker
[2026-05-04T07:12:14.452+0000] {subprocess.py:93} INFO - 26/05/04 07:12:14 INFO SparkEnv: Registering BlockManagerMaster
[2026-05-04T07:12:14.463+0000] {subprocess.py:93} INFO - 26/05/04 07:12:14 INFO BlockManagerMasterEndpoint: Using org.apache.spark.storage.DefaultTopologyMapper for getting topology information
[2026-05-04T07:12:14.463+0000] {subprocess.py:93} INFO - 26/05/04 07:12:14 INFO BlockManagerMasterEndpoint: BlockManagerMasterEndpoint up
[2026-05-04T07:12:14.466+0000] {subprocess.py:93} INFO - 26/05/04 07:12:14 INFO SparkEnv: Registering BlockManagerMasterHeartbeat
[2026-05-04T07:12:14.484+0000] {subprocess.py:93} INFO - 26/05/04 07:12:14 INFO DiskBlockManager: Created local directory at /tmp/blockmgr-1e548ca4-ad9e-4d0c-b177-98d6611dd34e
[2026-05-04T07:12:14.489+0000] {subprocess.py:93} INFO - 26/05/04 07:12:14 INFO MemoryStore: MemoryStore started with capacity 434.4 MiB
[2026-05-04T07:12:14.500+0000] {subprocess.py:93} INFO - 26/05/04 07:12:14 INFO SparkEnv: Registering OutputCommitCoordinator
[2026-05-04T07:12:14.590+0000] {subprocess.py:93} INFO - 26/05/04 07:12:14 INFO JettyUtils: Start Jetty 0.0.0.0:4040 for SparkUI
[2026-05-04T07:12:14.697+0000] {subprocess.py:93} INFO - 26/05/04 07:12:14 INFO Utils: Successfully started service 'SparkUI' on port 4040.
[2026-05-04T07:12:14.787+0000] {subprocess.py:93} INFO - 26/05/04 07:12:14 INFO StandaloneAppClient$ClientEndpoint: Connecting to master spark://spark-master:7077...
[2026-05-04T07:12:14.821+0000] {subprocess.py:93} INFO - 26/05/04 07:12:14 INFO TransportClientFactory: Successfully created connection to spark-master/172.20.0.3:7077 after 15 ms (0 ms spent in bootstraps)
[2026-05-04T07:12:15.293+0000] {subprocess.py:93} INFO - 26/05/04 07:12:15 INFO StandaloneSchedulerBackend: Connected to Spark cluster with app ID app-20260504071215-0002
[2026-05-04T07:12:15.300+0000] {subprocess.py:93} INFO - 26/05/04 07:12:15 INFO Utils: Successfully started service 'org.apache.spark.network.netty.NettyBlockTransferService' on port 45043.
[2026-05-04T07:12:15.301+0000] {subprocess.py:93} INFO - 26/05/04 07:12:15 INFO NettyBlockTransferService: Server created on e8718f0f08fc:45043
[2026-05-04T07:12:15.301+0000] {subprocess.py:93} INFO - 26/05/04 07:12:15 INFO BlockManager: Using org.apache.spark.storage.RandomBlockReplicationPolicy for block replication policy
[2026-05-04T07:12:15.306+0000] {subprocess.py:93} INFO - 26/05/04 07:12:15 INFO BlockManagerMaster: Registering BlockManager BlockManagerId(driver, e8718f0f08fc, 45043, None)
[2026-05-04T07:12:15.307+0000] {subprocess.py:93} INFO - 26/05/04 07:12:15 INFO BlockManagerMasterEndpoint: Registering block manager e8718f0f08fc:45043 with 434.4 MiB RAM, BlockManagerId(driver, e8718f0f08fc, 45043, None)
[2026-05-04T07:12:15.308+0000] {subprocess.py:93} INFO - 26/05/04 07:12:15 INFO BlockManagerMaster: Registered BlockManager BlockManagerId(driver, e8718f0f08fc, 45043, None)
[2026-05-04T07:12:15.309+0000] {subprocess.py:93} INFO - 26/05/04 07:12:15 INFO BlockManager: Initialized BlockManager: BlockManagerId(driver, e8718f0f08fc, 45043, None)
[2026-05-04T07:12:15.344+0000] {subprocess.py:93} INFO - 26/05/04 07:12:15 INFO StandaloneAppClient$ClientEndpoint: Executor added: app-20260504071215-0002/0 on worker-20260502140747-172.20.0.4-34417 (172.20.0.4:34417) with 2 core(s)
[2026-05-04T07:12:15.349+0000] {subprocess.py:93} INFO - 26/05/04 07:12:15 INFO StandaloneSchedulerBackend: Granted executor ID app-20260504071215-0002/0 on hostPort 172.20.0.4:34417 with 2 core(s), 1024.0 MiB RAM
[2026-05-04T07:12:15.350+0000] {subprocess.py:93} INFO - 26/05/04 07:12:15 INFO StandaloneAppClient$ClientEndpoint: Executor added: app-20260504071215-0002/1 on worker-20260502140747-172.20.0.5-35617 (172.20.0.5:35617) with 2 core(s)
[2026-05-04T07:12:15.351+0000] {subprocess.py:93} INFO - 26/05/04 07:12:15 INFO StandaloneSchedulerBackend: Granted executor ID app-20260504071215-0002/1 on hostPort 172.20.0.5:35617 with 2 core(s), 1024.0 MiB RAM
[2026-05-04T07:12:15.655+0000] {subprocess.py:93} INFO - 26/05/04 07:12:15 INFO StandaloneSchedulerBackend: SchedulerBackend is ready for scheduling beginning after reached minRegisteredResourcesRatio: 0.0
[2026-05-04T07:12:15.888+0000] {subprocess.py:93} INFO - F1 Big Data — Spark Silver Transform
[2026-05-04T07:12:15.890+0000] {subprocess.py:93} INFO - ============================================================
[2026-05-04T07:12:15.890+0000] {subprocess.py:93} INFO - ============================================================
[2026-05-04T07:12:15.890+0000] {subprocess.py:93} INFO - SILVER: Race Results
[2026-05-04T07:12:15.890+0000] {subprocess.py:93} INFO - ============================================================
[2026-05-04T07:13:18.578+0000] {subprocess.py:93} INFO - Read 3546 raw rows
[2026-05-04T07:13:21.604+0000] {subprocess.py:93} INFO - 26/05/04 07:13:21 WARN SparkStringUtils: Truncated the string representation of a plan since it was too large. This behavior can be adjusted by setting 'spark.sql.debug.maxToStringFields'.
[2026-05-04T07:13:43.942+0000] {subprocess.py:93} INFO - ✓ Silver race_results: 3546 rows
[2026-05-04T07:13:43.946+0000] {subprocess.py:93} INFO - ============================================================
[2026-05-04T07:13:43.947+0000] {subprocess.py:93} INFO - SILVER: Qualifying
[2026-05-04T07:13:43.949+0000] {subprocess.py:93} INFO - ============================================================
[2026-05-04T07:15:29.809+0000] {subprocess.py:93} INFO - ✓ Silver qualifying: 3540 rows
[2026-05-04T07:15:29.818+0000] {subprocess.py:93} INFO - ============================================================
[2026-05-04T07:15:29.819+0000] {subprocess.py:93} INFO - SILVER: Pit Stops
[2026-05-04T07:15:29.819+0000] {subprocess.py:93} INFO - ============================================================
[2026-05-04T07:15:34.809+0000] {subprocess.py:93} INFO - ✓ Silver pit_stops: 5664 rows
[2026-05-04T07:15:34.816+0000] {subprocess.py:93} INFO - ============================================================
[2026-05-04T07:15:34.817+0000] {subprocess.py:93} INFO - SILVER: Laps
[2026-05-04T07:15:34.831+0000] {subprocess.py:93} INFO - ============================================================
[2026-05-04T07:32:09.294+0000] {local_task_job_runner.py:302} WARNING - State of this instance has been externally set to up_for_retry. Terminating instance.
[2026-05-04T07:32:09.395+0000] {process_utils.py:131} INFO - Sending 15 to group 14097. PIDs of all processes in the group: [14098, 14099, 14097]
[2026-05-04T07:32:09.405+0000] {process_utils.py:86} INFO - Sending the signal 15 to group 14097
[2026-05-04T07:32:09.460+0000] {taskinstance.py:2450} ERROR - Received SIGTERM. Terminating subprocesses.
[2026-05-04T07:32:09.501+0000] {subprocess.py:104} INFO - Sending SIGTERM signal to process group
[2026-05-04T07:32:09.772+0000] {process_utils.py:79} INFO - Process psutil.Process(pid=14099, status='terminated', started='07:12:10') (14099) terminated with exit code None
[2026-05-04T07:32:10.105+0000] {taskinstance.py:2698} ERROR - Task failed with exception
Traceback (most recent call last):
  File "/home/airflow/.local/lib/python3.11/site-packages/airflow/models/taskinstance.py", line 433, in _execute_task
    result = execute_callable(context=context, **execute_callable_kwargs)
             ^^^^^^^^^^^^^^^^^^^^^^^^^^^^^^^^^^^^^^^^^^^^^^^^^^^^^^^^^^^^
  File "/home/airflow/.local/lib/python3.11/site-packages/airflow/operators/bash.py", line 203, in execute
    result = self.subprocess_hook.run_command(
             ^^^^^^^^^^^^^^^^^^^^^^^^^^^^^^^^^
  File "/home/airflow/.local/lib/python3.11/site-packages/airflow/hooks/subprocess.py", line 91, in run_command
    for raw_line in iter(self.sub_process.stdout.readline, b""):
  File "/home/airflow/.local/lib/python3.11/site-packages/airflow/models/taskinstance.py", line 2452, in signal_handler
    raise AirflowException("Task received SIGTERM signal")
airflow.exceptions.AirflowException: Task received SIGTERM signal
[2026-05-04T07:32:10.167+0000] {taskinstance.py:1138} INFO - Marking task as UP_FOR_RETRY. dag_id=f1_bigdata_pipeline, task_id=spark_silver_transform, execution_date=20260427T060000, start_date=20260504T071210, end_date=20260504T073210
[2026-05-04T07:32:10.238+0000] {standard_task_runner.py:107} ERROR - Failed to execute job 58 for task spark_silver_transform (Task received SIGTERM signal; 14097)
[2026-05-04T07:32:10.309+0000] {process_utils.py:79} INFO - Process psutil.Process(pid=14098, status='terminated', started='07:12:10') (14098) terminated with exit code None
[2026-05-04T07:32:10.309+0000] {process_utils.py:79} INFO - Process psutil.Process(pid=14097, status='terminated', exitcode=1, started='07:12:09') (14097) terminated with exit code 1
