[2026-05-04T08:16:07.286+0000] {taskinstance.py:1956} INFO - Dependencies all met for dep_context=non-requeueable deps ti=<TaskInstance: f1_bigdata_pipeline.spark_silver_transform scheduled__2026-04-27T06:00:00+00:00 [queued]>
[2026-05-04T08:16:07.294+0000] {taskinstance.py:1956} INFO - Dependencies all met for dep_context=requeueable deps ti=<TaskInstance: f1_bigdata_pipeline.spark_silver_transform scheduled__2026-04-27T06:00:00+00:00 [queued]>
[2026-05-04T08:16:07.294+0000] {taskinstance.py:2170} INFO - Starting attempt 2 of 3
[2026-05-04T08:16:07.322+0000] {taskinstance.py:2191} INFO - Executing <Task(BashOperator): spark_silver_transform> on 2026-04-27 06:00:00+00:00
[2026-05-04T08:16:07.461+0000] {standard_task_runner.py:60} INFO - Started process 14153 to run task
[2026-05-04T08:16:07.472+0000] {standard_task_runner.py:87} INFO - Running: ['airflow', 'tasks', 'run', 'f1_bigdata_pipeline', 'spark_silver_transform', 'scheduled__2026-04-27T06:00:00+00:00', '--job-id', '59', '--raw', '--subdir', 'DAGS_FOLDER/f1_pipeline_dag.py', '--cfg-path', '/tmp/tmp99tchre1']
[2026-05-04T08:16:07.488+0000] {standard_task_runner.py:88} INFO - Job 59: Subtask spark_silver_transform
[2026-05-04T08:16:07.793+0000] {task_command.py:423} INFO - Running <TaskInstance: f1_bigdata_pipeline.spark_silver_transform scheduled__2026-04-27T06:00:00+00:00 [running]> on host 6879df3dac39
[2026-05-04T08:16:08.198+0000] {taskinstance.py:2480} INFO - Exporting env vars: AIRFLOW_CTX_DAG_OWNER='f1_bigdata' AIRFLOW_CTX_DAG_ID='f1_bigdata_pipeline' AIRFLOW_CTX_TASK_ID='spark_silver_transform' AIRFLOW_CTX_EXECUTION_DATE='2026-04-27T06:00:00+00:00' AIRFLOW_CTX_TRY_NUMBER='2' AIRFLOW_CTX_DAG_RUN_ID='scheduled__2026-04-27T06:00:00+00:00'
[2026-05-04T08:16:09.049+0000] {subprocess.py:63} INFO - Tmp dir root location: /tmp
[2026-05-04T08:16:09.757+0000] {subprocess.py:75} INFO - Running command: ['/usr/bin/bash', '-c', '\n        docker exec f1_spark_master /opt/spark/bin/spark-submit             --master spark://spark-master:7077             --driver-memory 1g             --executor-memory 1g             /opt/spark-jobs/spark_silver.py\n    ']
[2026-05-04T08:16:09.846+0000] {subprocess.py:86} INFO - Output:
[2026-05-04T08:17:28.013+0000] {subprocess.py:93} INFO - 26/05/04 08:17:27 INFO SparkContext: Running Spark version 3.5.1
[2026-05-04T08:17:28.245+0000] {subprocess.py:93} INFO - 26/05/04 08:17:27 INFO SparkContext: OS info Linux, 6.6.32-linuxkit, aarch64
[2026-05-04T08:17:29.851+0000] {subprocess.py:93} INFO - 26/05/04 08:17:27 INFO SparkContext: Java version 11.0.22
[2026-05-04T08:17:30.011+0000] {subprocess.py:93} INFO - 26/05/04 08:17:28 WARN NativeCodeLoader: Unable to load native-hadoop library for your platform... using builtin-java classes where applicable
[2026-05-04T08:17:32.173+0000] {subprocess.py:93} INFO - 26/05/04 08:17:32 INFO ResourceUtils: ==============================================================
[2026-05-04T08:17:32.198+0000] {subprocess.py:93} INFO - 26/05/04 08:17:32 INFO ResourceUtils: No custom resources configured for spark.driver.
[2026-05-04T08:17:32.322+0000] {subprocess.py:93} INFO - 26/05/04 08:17:32 INFO ResourceUtils: ==============================================================
[2026-05-04T08:17:32.326+0000] {subprocess.py:93} INFO - 26/05/04 08:17:32 INFO SparkContext: Submitted application: F1_BigData_Silver
[2026-05-04T08:17:33.434+0000] {subprocess.py:93} INFO - 26/05/04 08:17:33 INFO ResourceProfile: Default ResourceProfile created, executor resources: Map(memory -> name: memory, amount: 1024, script: , vendor: , offHeap -> name: offHeap, amount: 0, script: , vendor: ), task resources: Map(cpus -> name: cpus, amount: 1.0)
[2026-05-04T08:17:33.547+0000] {subprocess.py:93} INFO - 26/05/04 08:17:33 INFO ResourceProfile: Limiting resource is cpu
[2026-05-04T08:17:33.548+0000] {subprocess.py:93} INFO - 26/05/04 08:17:33 INFO ResourceProfileManager: Added ResourceProfile id: 0
[2026-05-04T08:17:33.843+0000] {subprocess.py:93} INFO - 26/05/04 08:17:33 INFO SecurityManager: Changing view acls to: spark
[2026-05-04T08:17:33.854+0000] {subprocess.py:93} INFO - 26/05/04 08:17:33 INFO SecurityManager: Changing modify acls to: spark
[2026-05-04T08:17:33.854+0000] {subprocess.py:93} INFO - 26/05/04 08:17:33 INFO SecurityManager: Changing view acls groups to:
[2026-05-04T08:17:33.855+0000] {subprocess.py:93} INFO - 26/05/04 08:17:33 INFO SecurityManager: Changing modify acls groups to:
[2026-05-04T08:17:33.889+0000] {subprocess.py:93} INFO - 26/05/04 08:17:33 INFO SecurityManager: SecurityManager: authentication disabled; ui acls disabled; users with view permissions: spark; groups with view permissions: EMPTY; users with modify permissions: spark; groups with modify permissions: EMPTY
[2026-05-04T08:17:36.360+0000] {subprocess.py:93} INFO - 26/05/04 08:17:36 INFO Utils: Successfully started service 'sparkDriver' on port 38809.
[2026-05-04T08:17:36.690+0000] {subprocess.py:93} INFO - 26/05/04 08:17:36 INFO SparkEnv: Registering MapOutputTracker
[2026-05-04T08:17:37.042+0000] {subprocess.py:93} INFO - 26/05/04 08:17:37 INFO SparkEnv: Registering BlockManagerMaster
[2026-05-04T08:17:37.126+0000] {subprocess.py:93} INFO - 26/05/04 08:17:37 INFO BlockManagerMasterEndpoint: Using org.apache.spark.storage.DefaultTopologyMapper for getting topology information
[2026-05-04T08:17:37.133+0000] {subprocess.py:93} INFO - 26/05/04 08:17:37 INFO BlockManagerMasterEndpoint: BlockManagerMasterEndpoint up
[2026-05-04T08:17:37.180+0000] {subprocess.py:93} INFO - 26/05/04 08:17:37 INFO SparkEnv: Registering BlockManagerMasterHeartbeat
[2026-05-04T08:17:37.563+0000] {subprocess.py:93} INFO - 26/05/04 08:17:37 INFO DiskBlockManager: Created local directory at /tmp/blockmgr-e0610adc-9c30-4110-a1ab-29c68c0e4880
[2026-05-04T08:17:37.745+0000] {subprocess.py:93} INFO - 26/05/04 08:17:37 INFO MemoryStore: MemoryStore started with capacity 434.4 MiB
[2026-05-04T08:17:37.827+0000] {subprocess.py:93} INFO - 26/05/04 08:17:37 INFO SparkEnv: Registering OutputCommitCoordinator
[2026-05-04T08:17:38.648+0000] {subprocess.py:93} INFO - 26/05/04 08:17:38 INFO JettyUtils: Start Jetty 0.0.0.0:4040 for SparkUI
[2026-05-04T08:17:39.965+0000] {subprocess.py:93} INFO - 26/05/04 08:17:39 WARN Utils: Service 'SparkUI' could not bind on port 4040. Attempting port 4041.
[2026-05-04T08:17:40.099+0000] {subprocess.py:93} INFO - 26/05/04 08:17:40 INFO Utils: Successfully started service 'SparkUI' on port 4041.
[2026-05-04T08:17:40.881+0000] {subprocess.py:93} INFO - 26/05/04 08:17:40 INFO StandaloneAppClient$ClientEndpoint: Connecting to master spark://spark-master:7077...
[2026-05-04T08:17:41.251+0000] {subprocess.py:93} INFO - 26/05/04 08:17:41 INFO TransportClientFactory: Successfully created connection to spark-master/172.20.0.3:7077 after 191 ms (0 ms spent in bootstraps)
[2026-05-04T08:17:43.508+0000] {subprocess.py:93} INFO - 26/05/04 08:17:43 INFO StandaloneSchedulerBackend: Connected to Spark cluster with app ID app-20260504081743-0003
[2026-05-04T08:17:43.597+0000] {subprocess.py:93} INFO - 26/05/04 08:17:43 INFO Utils: Successfully started service 'org.apache.spark.network.netty.NettyBlockTransferService' on port 39263.
[2026-05-04T08:17:43.601+0000] {subprocess.py:93} INFO - 26/05/04 08:17:43 INFO NettyBlockTransferService: Server created on e8718f0f08fc:39263
[2026-05-04T08:17:43.617+0000] {subprocess.py:93} INFO - 26/05/04 08:17:43 INFO BlockManager: Using org.apache.spark.storage.RandomBlockReplicationPolicy for block replication policy
[2026-05-04T08:17:43.642+0000] {subprocess.py:93} INFO - 26/05/04 08:17:43 INFO BlockManagerMaster: Registering BlockManager BlockManagerId(driver, e8718f0f08fc, 39263, None)
[2026-05-04T08:17:43.664+0000] {subprocess.py:93} INFO - 26/05/04 08:17:43 INFO BlockManagerMasterEndpoint: Registering block manager e8718f0f08fc:39263 with 434.4 MiB RAM, BlockManagerId(driver, e8718f0f08fc, 39263, None)
[2026-05-04T08:17:43.678+0000] {subprocess.py:93} INFO - 26/05/04 08:17:43 INFO BlockManagerMaster: Registered BlockManager BlockManagerId(driver, e8718f0f08fc, 39263, None)
[2026-05-04T08:17:43.682+0000] {subprocess.py:93} INFO - 26/05/04 08:17:43 INFO BlockManager: Initialized BlockManager: BlockManagerId(driver, e8718f0f08fc, 39263, None)
[2026-05-04T08:17:45.284+0000] {subprocess.py:93} INFO - 26/05/04 08:17:45 INFO StandaloneSchedulerBackend: SchedulerBackend is ready for scheduling beginning after reached minRegisteredResourcesRatio: 0.0
[2026-05-04T08:17:47.520+0000] {subprocess.py:93} INFO - F1 Big Data — Spark Silver Transform
[2026-05-04T08:17:47.863+0000] {subprocess.py:93} INFO - ============================================================
[2026-05-04T08:17:47.863+0000] {subprocess.py:93} INFO - ============================================================
[2026-05-04T08:17:47.864+0000] {subprocess.py:93} INFO - SILVER: Race Results
[2026-05-04T08:17:47.879+0000] {subprocess.py:93} INFO - ============================================================
[2026-05-04T09:42:10.349+0000] {subprocess.py:93} INFO - 26/05/04 09:42:09 WARN TaskSchedulerImpl: Initial job has not accepted any resources; check your cluster UI to ensure that workers are registered and have sufficient resources
[2026-05-04T09:42:24.281+0000] {subprocess.py:93} INFO - 26/05/04 09:42:24 WARN TaskSchedulerImpl: Initial job has not accepted any resources; check your cluster UI to ensure that workers are registered and have sufficient resources
[2026-05-04T09:42:40.073+0000] {subprocess.py:93} INFO - 26/05/04 09:42:39 WARN TaskSchedulerImpl: Initial job has not accepted any resources; check your cluster UI to ensure that workers are registered and have sufficient resources
[2026-05-04T10:22:18.986+0000] {subprocess.py:93} INFO - 26/05/04 10:22:18 WARN TaskSchedulerImpl: Initial job has not accepted any resources; check your cluster UI to ensure that workers are registered and have sufficient resources
[2026-05-04T10:22:19.158+0000] {subprocess.py:93} INFO - 26/05/04 10:22:18 WARN TaskSchedulerImpl: Initial job has not accepted any resources; check your cluster UI to ensure that workers are registered and have sufficient resources
[2026-05-04T10:22:19.177+0000] {subprocess.py:93} INFO - 26/05/04 10:22:18 WARN TaskSchedulerImpl: Initial job has not accepted any resources; check your cluster UI to ensure that workers are registered and have sufficient resources
[2026-05-04T10:22:19.180+0000] {subprocess.py:93} INFO - 26/05/04 10:22:18 WARN TaskSchedulerImpl: Initial job has not accepted any resources; check your cluster UI to ensure that workers are registered and have sufficient resources
[2026-05-04T10:22:19.180+0000] {subprocess.py:93} INFO - 26/05/04 10:22:18 WARN TaskSchedulerImpl: Initial job has not accepted any resources; check your cluster UI to ensure that workers are registered and have sufficient resources
[2026-05-04T10:22:19.181+0000] {subprocess.py:93} INFO - 26/05/04 10:22:18 WARN TaskSchedulerImpl: Initial job has not accepted any resources; check your cluster UI to ensure that workers are registered and have sufficient resources
[2026-05-04T10:22:19.182+0000] {subprocess.py:93} INFO - 26/05/04 10:22:18 WARN TaskSchedulerImpl: Initial job has not accepted any resources; check your cluster UI to ensure that workers are registered and have sufficient resources
[2026-05-04T10:22:19.183+0000] {subprocess.py:93} INFO - 26/05/04 10:22:18 WARN TaskSchedulerImpl: Initial job has not accepted any resources; check your cluster UI to ensure that workers are registered and have sufficient resources
[2026-05-04T10:22:19.184+0000] {subprocess.py:93} INFO - 26/05/04 10:22:18 WARN TaskSchedulerImpl: Initial job has not accepted any resources; check your cluster UI to ensure that workers are registered and have sufficient resources
[2026-05-04T10:22:19.184+0000] {subprocess.py:93} INFO - 26/05/04 10:22:18 WARN TaskSchedulerImpl: Initial job has not accepted any resources; check your cluster UI to ensure that workers are registered and have sufficient resources
[2026-05-04T10:22:19.185+0000] {subprocess.py:93} INFO - 26/05/04 10:22:18 WARN TaskSchedulerImpl: Initial job has not accepted any resources; check your cluster UI to ensure that workers are registered and have sufficient resources
[2026-05-04T10:22:19.186+0000] {subprocess.py:93} INFO - 26/05/04 10:22:18 WARN TaskSchedulerImpl: Initial job has not accepted any resources; check your cluster UI to ensure that workers are registered and have sufficient resources
[2026-05-04T10:22:19.191+0000] {subprocess.py:93} INFO - 26/05/04 10:22:18 WARN TaskSchedulerImpl: Initial job has not accepted any resources; check your cluster UI to ensure that workers are registered and have sufficient resources
[2026-05-04T10:22:19.191+0000] {subprocess.py:93} INFO - 26/05/04 10:22:18 WARN TaskSchedulerImpl: Initial job has not accepted any resources; check your cluster UI to ensure that workers are registered and have sufficient resources
[2026-05-04T10:22:19.197+0000] {subprocess.py:93} INFO - 26/05/04 10:22:18 WARN TaskSchedulerImpl: Initial job has not accepted any resources; check your cluster UI to ensure that workers are registered and have sufficient resources
[2026-05-04T10:22:19.198+0000] {subprocess.py:93} INFO - 26/05/04 10:22:18 WARN TaskSchedulerImpl: Initial job has not accepted any resources; check your cluster UI to ensure that workers are registered and have sufficient resources
[2026-05-04T10:22:19.201+0000] {subprocess.py:93} INFO - 26/05/04 10:22:18 WARN TaskSchedulerImpl: Initial job has not accepted any resources; check your cluster UI to ensure that workers are registered and have sufficient resources
[2026-05-04T10:22:19.204+0000] {subprocess.py:93} INFO - 26/05/04 10:22:18 WARN TaskSchedulerImpl: Initial job has not accepted any resources; check your cluster UI to ensure that workers are registered and have sufficient resources
[2026-05-04T10:22:19.209+0000] {subprocess.py:93} INFO - 26/05/04 10:22:18 WARN TaskSchedulerImpl: Initial job has not accepted any resources; check your cluster UI to ensure that workers are registered and have sufficient resources
[2026-05-04T10:22:19.210+0000] {subprocess.py:93} INFO - 26/05/04 10:22:18 WARN TaskSchedulerImpl: Initial job has not accepted any resources; check your cluster UI to ensure that workers are registered and have sufficient resources
[2026-05-04T10:22:19.212+0000] {subprocess.py:93} INFO - 26/05/04 10:22:18 WARN TaskSchedulerImpl: Initial job has not accepted any resources; check your cluster UI to ensure that workers are registered and have sufficient resources
[2026-05-04T10:22:19.217+0000] {subprocess.py:93} INFO - 26/05/04 10:22:18 WARN TaskSchedulerImpl: Initial job has not accepted any resources; check your cluster UI to ensure that workers are registered and have sufficient resources
[2026-05-04T10:22:19.219+0000] {subprocess.py:93} INFO - 26/05/04 10:22:18 WARN TaskSchedulerImpl: Initial job has not accepted any resources; check your cluster UI to ensure that workers are registered and have sufficient resources
[2026-05-04T10:22:19.221+0000] {subprocess.py:93} INFO - 26/05/04 10:22:18 WARN TaskSchedulerImpl: Initial job has not accepted any resources; check your cluster UI to ensure that workers are registered and have sufficient resources
[2026-05-04T10:22:19.222+0000] {subprocess.py:93} INFO - 26/05/04 10:22:18 WARN TaskSchedulerImpl: Initial job has not accepted any resources; check your cluster UI to ensure that workers are registered and have sufficient resources
[2026-05-04T10:22:19.227+0000] {subprocess.py:93} INFO - 26/05/04 10:22:18 WARN TaskSchedulerImpl: Initial job has not accepted any resources; check your cluster UI to ensure that workers are registered and have sufficient resources
[2026-05-04T10:22:19.230+0000] {subprocess.py:93} INFO - 26/05/04 10:22:18 WARN TaskSchedulerImpl: Initial job has not accepted any resources; check your cluster UI to ensure that workers are registered and have sufficient resources
[2026-05-04T10:22:19.234+0000] {subprocess.py:93} INFO - 26/05/04 10:22:18 WARN TaskSchedulerImpl: Initial job has not accepted any resources; check your cluster UI to ensure that workers are registered and have sufficient resources
[2026-05-04T10:22:19.236+0000] {subprocess.py:93} INFO - 26/05/04 10:22:18 WARN TaskSchedulerImpl: Initial job has not accepted any resources; check your cluster UI to ensure that workers are registered and have sufficient resources
[2026-05-04T10:22:19.240+0000] {subprocess.py:93} INFO - 26/05/04 10:22:18 WARN TaskSchedulerImpl: Initial job has not accepted any resources; check your cluster UI to ensure that workers are registered and have sufficient resources
[2026-05-04T10:22:19.242+0000] {subprocess.py:93} INFO - 26/05/04 10:22:18 WARN TaskSchedulerImpl: Initial job has not accepted any resources; check your cluster UI to ensure that workers are registered and have sufficient resources
[2026-05-04T10:22:19.244+0000] {subprocess.py:93} INFO - 26/05/04 10:22:18 WARN TaskSchedulerImpl: Initial job has not accepted any resources; check your cluster UI to ensure that workers are registered and have sufficient resources
[2026-05-04T10:22:19.246+0000] {subprocess.py:93} INFO - 26/05/04 10:22:18 WARN TaskSchedulerImpl: Initial job has not accepted any resources; check your cluster UI to ensure that workers are registered and have sufficient resources
[2026-05-04T10:22:19.247+0000] {subprocess.py:93} INFO - 26/05/04 10:22:18 WARN TaskSchedulerImpl: Initial job has not accepted any resources; check your cluster UI to ensure that workers are registered and have sufficient resources
[2026-05-04T10:22:19.249+0000] {subprocess.py:93} INFO - 26/05/04 10:22:18 WARN TaskSchedulerImpl: Initial job has not accepted any resources; check your cluster UI to ensure that workers are registered and have sufficient resources
[2026-05-04T10:22:19.258+0000] {subprocess.py:93} INFO - 26/05/04 10:22:18 WARN TaskSchedulerImpl: Initial job has not accepted any resources; check your cluster UI to ensure that workers are registered and have sufficient resources
[2026-05-04T10:22:19.279+0000] {subprocess.py:93} INFO - 26/05/04 10:22:18 WARN TaskSchedulerImpl: Initial job has not accepted any resources; check your cluster UI to ensure that workers are registered and have sufficient resources
[2026-05-04T10:22:19.306+0000] {subprocess.py:93} INFO - 26/05/04 10:22:18 WARN TaskSchedulerImpl: Initial job has not accepted any resources; check your cluster UI to ensure that workers are registered and have sufficient resources
[2026-05-04T10:22:19.410+0000] {subprocess.py:93} INFO - 26/05/04 10:22:18 WARN TaskSchedulerImpl: Initial job has not accepted any resources; check your cluster UI to ensure that workers are registered and have sufficient resources
[2026-05-04T10:22:19.437+0000] {subprocess.py:93} INFO - 26/05/04 10:22:18 WARN TaskSchedulerImpl: Initial job has not accepted any resources; check your cluster UI to ensure that workers are registered and have sufficient resources
[2026-05-04T10:22:19.444+0000] {subprocess.py:93} INFO - 26/05/04 10:22:18 WARN TaskSchedulerImpl: Initial job has not accepted any resources; check your cluster UI to ensure that workers are registered and have sufficient resources
[2026-05-04T10:22:19.445+0000] {subprocess.py:93} INFO - 26/05/04 10:22:18 WARN TaskSchedulerImpl: Initial job has not accepted any resources; check your cluster UI to ensure that workers are registered and have sufficient resources
[2026-05-04T10:22:19.446+0000] {subprocess.py:93} INFO - 26/05/04 10:22:18 WARN TaskSchedulerImpl: Initial job has not accepted any resources; check your cluster UI to ensure that workers are registered and have sufficient resources
[2026-05-04T10:22:19.449+0000] {subprocess.py:93} INFO - 26/05/04 10:22:18 WARN TaskSchedulerImpl: Initial job has not accepted any resources; check your cluster UI to ensure that workers are registered and have sufficient resources
[2026-05-04T10:22:19.451+0000] {subprocess.py:93} INFO - 26/05/04 10:22:18 WARN TaskSchedulerImpl: Initial job has not accepted any resources; check your cluster UI to ensure that workers are registered and have sufficient resources
[2026-05-04T10:22:19.452+0000] {subprocess.py:93} INFO - 26/05/04 10:22:18 WARN TaskSchedulerImpl: Initial job has not accepted any resources; check your cluster UI to ensure that workers are registered and have sufficient resources
[2026-05-04T10:22:19.452+0000] {subprocess.py:93} INFO - 26/05/04 10:22:18 WARN TaskSchedulerImpl: Initial job has not accepted any resources; check your cluster UI to ensure that workers are registered and have sufficient resources
[2026-05-04T10:22:19.456+0000] {subprocess.py:93} INFO - 26/05/04 10:22:18 WARN TaskSchedulerImpl: Initial job has not accepted any resources; check your cluster UI to ensure that workers are registered and have sufficient resources
[2026-05-04T10:22:19.469+0000] {subprocess.py:93} INFO - 26/05/04 10:22:18 WARN TaskSchedulerImpl: Initial job has not accepted any resources; check your cluster UI to ensure that workers are registered and have sufficient resources
[2026-05-04T10:22:19.475+0000] {subprocess.py:93} INFO - 26/05/04 10:22:18 WARN TaskSchedulerImpl: Initial job has not accepted any resources; check your cluster UI to ensure that workers are registered and have sufficient resources
[2026-05-04T10:22:19.479+0000] {subprocess.py:93} INFO - 26/05/04 10:22:18 WARN TaskSchedulerImpl: Initial job has not accepted any resources; check your cluster UI to ensure that workers are registered and have sufficient resources
[2026-05-04T10:22:19.479+0000] {subprocess.py:93} INFO - 26/05/04 10:22:18 WARN TaskSchedulerImpl: Initial job has not accepted any resources; check your cluster UI to ensure that workers are registered and have sufficient resources
[2026-05-04T10:22:19.479+0000] {subprocess.py:93} INFO - 26/05/04 10:22:18 WARN TaskSchedulerImpl: Initial job has not accepted any resources; check your cluster UI to ensure that workers are registered and have sufficient resources
[2026-05-04T10:22:19.481+0000] {subprocess.py:93} INFO - 26/05/04 10:22:18 WARN TaskSchedulerImpl: Initial job has not accepted any resources; check your cluster UI to ensure that workers are registered and have sufficient resources
[2026-05-04T10:22:19.482+0000] {subprocess.py:93} INFO - 26/05/04 10:22:18 WARN TaskSchedulerImpl: Initial job has not accepted any resources; check your cluster UI to ensure that workers are registered and have sufficient resources
[2026-05-04T10:22:19.484+0000] {subprocess.py:93} INFO - 26/05/04 10:22:18 WARN TaskSchedulerImpl: Initial job has not accepted any resources; check your cluster UI to ensure that workers are registered and have sufficient resources
[2026-05-04T10:22:19.484+0000] {subprocess.py:93} INFO - 26/05/04 10:22:18 WARN TaskSchedulerImpl: Initial job has not accepted any resources; check your cluster UI to ensure that workers are registered and have sufficient resources
[2026-05-04T10:22:19.484+0000] {subprocess.py:93} INFO - 26/05/04 10:22:18 WARN TaskSchedulerImpl: Initial job has not accepted any resources; check your cluster UI to ensure that workers are registered and have sufficient resources
[2026-05-04T10:22:19.485+0000] {subprocess.py:93} INFO - 26/05/04 10:22:18 WARN TaskSchedulerImpl: Initial job has not accepted any resources; check your cluster UI to ensure that workers are registered and have sufficient resources
[2026-05-04T10:22:19.485+0000] {subprocess.py:93} INFO - 26/05/04 10:22:18 WARN TaskSchedulerImpl: Initial job has not accepted any resources; check your cluster UI to ensure that workers are registered and have sufficient resources
[2026-05-04T10:22:19.488+0000] {subprocess.py:93} INFO - 26/05/04 10:22:18 WARN TaskSchedulerImpl: Initial job has not accepted any resources; check your cluster UI to ensure that workers are registered and have sufficient resources
[2026-05-04T10:22:19.493+0000] {subprocess.py:93} INFO - 26/05/04 10:22:18 WARN TaskSchedulerImpl: Initial job has not accepted any resources; check your cluster UI to ensure that workers are registered and have sufficient resources
[2026-05-04T10:22:19.494+0000] {subprocess.py:93} INFO - 26/05/04 10:22:18 WARN TaskSchedulerImpl: Initial job has not accepted any resources; check your cluster UI to ensure that workers are registered and have sufficient resources
[2026-05-04T10:22:19.498+0000] {subprocess.py:93} INFO - 26/05/04 10:22:18 WARN TaskSchedulerImpl: Initial job has not accepted any resources; check your cluster UI to ensure that workers are registered and have sufficient resources
[2026-05-04T10:22:19.500+0000] {subprocess.py:93} INFO - 26/05/04 10:22:18 WARN TaskSchedulerImpl: Initial job has not accepted any resources; check your cluster UI to ensure that workers are registered and have sufficient resources
[2026-05-04T10:22:19.501+0000] {subprocess.py:93} INFO - 26/05/04 10:22:18 WARN TaskSchedulerImpl: Initial job has not accepted any resources; check your cluster UI to ensure that workers are registered and have sufficient resources
[2026-05-04T10:22:19.516+0000] {subprocess.py:93} INFO - 26/05/04 10:22:19 WARN TaskSchedulerImpl: Initial job has not accepted any resources; check your cluster UI to ensure that workers are registered and have sufficient resources
[2026-05-04T10:22:19.516+0000] {subprocess.py:93} INFO - 26/05/04 10:22:19 WARN TaskSchedulerImpl: Initial job has not accepted any resources; check your cluster UI to ensure that workers are registered and have sufficient resources
[2026-05-04T10:22:19.520+0000] {subprocess.py:93} INFO - 26/05/04 10:22:19 WARN TaskSchedulerImpl: Initial job has not accepted any resources; check your cluster UI to ensure that workers are registered and have sufficient resources
[2026-05-04T10:22:19.521+0000] {subprocess.py:93} INFO - 26/05/04 10:22:19 WARN TaskSchedulerImpl: Initial job has not accepted any resources; check your cluster UI to ensure that workers are registered and have sufficient resources
[2026-05-04T10:22:19.524+0000] {subprocess.py:93} INFO - 26/05/04 10:22:19 WARN TaskSchedulerImpl: Initial job has not accepted any resources; check your cluster UI to ensure that workers are registered and have sufficient resources
[2026-05-04T10:22:19.524+0000] {subprocess.py:93} INFO - 26/05/04 10:22:19 WARN TaskSchedulerImpl: Initial job has not accepted any resources; check your cluster UI to ensure that workers are registered and have sufficient resources
[2026-05-04T10:22:19.529+0000] {subprocess.py:93} INFO - 26/05/04 10:22:19 WARN TaskSchedulerImpl: Initial job has not accepted any resources; check your cluster UI to ensure that workers are registered and have sufficient resources
[2026-05-04T10:22:19.531+0000] {subprocess.py:93} INFO - 26/05/04 10:22:19 WARN TaskSchedulerImpl: Initial job has not accepted any resources; check your cluster UI to ensure that workers are registered and have sufficient resources
[2026-05-04T10:22:19.532+0000] {subprocess.py:93} INFO - 26/05/04 10:22:19 WARN TaskSchedulerImpl: Initial job has not accepted any resources; check your cluster UI to ensure that workers are registered and have sufficient resources
[2026-05-04T10:22:19.534+0000] {subprocess.py:93} INFO - 26/05/04 10:22:19 WARN TaskSchedulerImpl: Initial job has not accepted any resources; check your cluster UI to ensure that workers are registered and have sufficient resources
[2026-05-04T10:22:19.534+0000] {subprocess.py:93} INFO - 26/05/04 10:22:19 WARN TaskSchedulerImpl: Initial job has not accepted any resources; check your cluster UI to ensure that workers are registered and have sufficient resources
[2026-05-04T10:22:19.535+0000] {subprocess.py:93} INFO - 26/05/04 10:22:19 WARN TaskSchedulerImpl: Initial job has not accepted any resources; check your cluster UI to ensure that workers are registered and have sufficient resources
[2026-05-04T10:22:19.536+0000] {subprocess.py:93} INFO - 26/05/04 10:22:19 WARN TaskSchedulerImpl: Initial job has not accepted any resources; check your cluster UI to ensure that workers are registered and have sufficient resources
[2026-05-04T10:22:19.536+0000] {subprocess.py:93} INFO - 26/05/04 10:22:19 WARN TaskSchedulerImpl: Initial job has not accepted any resources; check your cluster UI to ensure that workers are registered and have sufficient resources
[2026-05-04T10:22:19.536+0000] {subprocess.py:93} INFO - 26/05/04 10:22:19 WARN TaskSchedulerImpl: Initial job has not accepted any resources; check your cluster UI to ensure that workers are registered and have sufficient resources
[2026-05-04T10:22:19.536+0000] {subprocess.py:93} INFO - 26/05/04 10:22:19 WARN TaskSchedulerImpl: Initial job has not accepted any resources; check your cluster UI to ensure that workers are registered and have sufficient resources
[2026-05-04T10:22:19.541+0000] {subprocess.py:93} INFO - 26/05/04 10:22:19 WARN TaskSchedulerImpl: Initial job has not accepted any resources; check your cluster UI to ensure that workers are registered and have sufficient resources
[2026-05-04T10:22:19.542+0000] {subprocess.py:93} INFO - 26/05/04 10:22:19 WARN TaskSchedulerImpl: Initial job has not accepted any resources; check your cluster UI to ensure that workers are registered and have sufficient resources
[2026-05-04T10:22:19.542+0000] {subprocess.py:93} INFO - 26/05/04 10:22:19 WARN TaskSchedulerImpl: Initial job has not accepted any resources; check your cluster UI to ensure that workers are registered and have sufficient resources
[2026-05-04T10:22:19.543+0000] {subprocess.py:93} INFO - 26/05/04 10:22:19 WARN TaskSchedulerImpl: Initial job has not accepted any resources; check your cluster UI to ensure that workers are registered and have sufficient resources
[2026-05-04T10:22:19.544+0000] {subprocess.py:93} INFO - 26/05/04 10:22:19 WARN TaskSchedulerImpl: Initial job has not accepted any resources; check your cluster UI to ensure that workers are registered and have sufficient resources
[2026-05-04T10:22:19.545+0000] {subprocess.py:93} INFO - 26/05/04 10:22:19 WARN TaskSchedulerImpl: Initial job has not accepted any resources; check your cluster UI to ensure that workers are registered and have sufficient resources
[2026-05-04T10:22:19.545+0000] {subprocess.py:93} INFO - 26/05/04 10:22:19 WARN TaskSchedulerImpl: Initial job has not accepted any resources; check your cluster UI to ensure that workers are registered and have sufficient resources
[2026-05-04T10:22:19.546+0000] {subprocess.py:93} INFO - 26/05/04 10:22:19 WARN TaskSchedulerImpl: Initial job has not accepted any resources; check your cluster UI to ensure that workers are registered and have sufficient resources
[2026-05-04T10:22:19.546+0000] {subprocess.py:93} INFO - 26/05/04 10:22:19 WARN TaskSchedulerImpl: Initial job has not accepted any resources; check your cluster UI to ensure that workers are registered and have sufficient resources
[2026-05-04T10:22:19.546+0000] {subprocess.py:93} INFO - 26/05/04 10:22:19 WARN TaskSchedulerImpl: Initial job has not accepted any resources; check your cluster UI to ensure that workers are registered and have sufficient resources
[2026-05-04T10:22:19.547+0000] {subprocess.py:93} INFO - 26/05/04 10:22:19 WARN TaskSchedulerImpl: Initial job has not accepted any resources; check your cluster UI to ensure that workers are registered and have sufficient resources
[2026-05-04T10:22:19.547+0000] {subprocess.py:93} INFO - 26/05/04 10:22:19 WARN TaskSchedulerImpl: Initial job has not accepted any resources; check your cluster UI to ensure that workers are registered and have sufficient resources
[2026-05-04T10:22:19.547+0000] {subprocess.py:93} INFO - 26/05/04 10:22:19 WARN TaskSchedulerImpl: Initial job has not accepted any resources; check your cluster UI to ensure that workers are registered and have sufficient resources
[2026-05-04T10:22:19.548+0000] {subprocess.py:93} INFO - 26/05/04 10:22:19 WARN TaskSchedulerImpl: Initial job has not accepted any resources; check your cluster UI to ensure that workers are registered and have sufficient resources
[2026-05-04T10:22:19.548+0000] {subprocess.py:93} INFO - 26/05/04 10:22:19 WARN TaskSchedulerImpl: Initial job has not accepted any resources; check your cluster UI to ensure that workers are registered and have sufficient resources
[2026-05-04T10:22:19.548+0000] {subprocess.py:93} INFO - 26/05/04 10:22:19 WARN TaskSchedulerImpl: Initial job has not accepted any resources; check your cluster UI to ensure that workers are registered and have sufficient resources
[2026-05-04T10:22:19.550+0000] {subprocess.py:93} INFO - 26/05/04 10:22:19 WARN TaskSchedulerImpl: Initial job has not accepted any resources; check your cluster UI to ensure that workers are registered and have sufficient resources
[2026-05-04T10:22:19.551+0000] {subprocess.py:93} INFO - 26/05/04 10:22:19 WARN TaskSchedulerImpl: Initial job has not accepted any resources; check your cluster UI to ensure that workers are registered and have sufficient resources
[2026-05-04T10:22:19.553+0000] {subprocess.py:93} INFO - 26/05/04 10:22:19 WARN TaskSchedulerImpl: Initial job has not accepted any resources; check your cluster UI to ensure that workers are registered and have sufficient resources
[2026-05-04T10:22:19.553+0000] {subprocess.py:93} INFO - 26/05/04 10:22:19 WARN TaskSchedulerImpl: Initial job has not accepted any resources; check your cluster UI to ensure that workers are registered and have sufficient resources
[2026-05-04T10:22:19.554+0000] {subprocess.py:93} INFO - 26/05/04 10:22:19 WARN TaskSchedulerImpl: Initial job has not accepted any resources; check your cluster UI to ensure that workers are registered and have sufficient resources
[2026-05-04T10:22:19.555+0000] {subprocess.py:93} INFO - 26/05/04 10:22:19 WARN TaskSchedulerImpl: Initial job has not accepted any resources; check your cluster UI to ensure that workers are registered and have sufficient resources
[2026-05-04T10:22:19.555+0000] {subprocess.py:93} INFO - 26/05/04 10:22:19 WARN TaskSchedulerImpl: Initial job has not accepted any resources; check your cluster UI to ensure that workers are registered and have sufficient resources
[2026-05-04T10:22:19.556+0000] {subprocess.py:93} INFO - 26/05/04 10:22:19 WARN TaskSchedulerImpl: Initial job has not accepted any resources; check your cluster UI to ensure that workers are registered and have sufficient resources
[2026-05-04T10:22:19.556+0000] {subprocess.py:93} INFO - 26/05/04 10:22:19 WARN TaskSchedulerImpl: Initial job has not accepted any resources; check your cluster UI to ensure that workers are registered and have sufficient resources
[2026-05-04T10:22:19.556+0000] {subprocess.py:93} INFO - 26/05/04 10:22:19 WARN TaskSchedulerImpl: Initial job has not accepted any resources; check your cluster UI to ensure that workers are registered and have sufficient resources
[2026-05-04T10:22:19.556+0000] {subprocess.py:93} INFO - 26/05/04 10:22:19 WARN TaskSchedulerImpl: Initial job has not accepted any resources; check your cluster UI to ensure that workers are registered and have sufficient resources
[2026-05-04T10:22:19.556+0000] {subprocess.py:93} INFO - 26/05/04 10:22:19 WARN TaskSchedulerImpl: Initial job has not accepted any resources; check your cluster UI to ensure that workers are registered and have sufficient resources
[2026-05-04T10:22:19.556+0000] {subprocess.py:93} INFO - 26/05/04 10:22:19 WARN TaskSchedulerImpl: Initial job has not accepted any resources; check your cluster UI to ensure that workers are registered and have sufficient resources
[2026-05-04T10:22:19.556+0000] {subprocess.py:93} INFO - 26/05/04 10:22:19 WARN TaskSchedulerImpl: Initial job has not accepted any resources; check your cluster UI to ensure that workers are registered and have sufficient resources
[2026-05-04T10:22:19.556+0000] {subprocess.py:93} INFO - 26/05/04 10:22:19 WARN TaskSchedulerImpl: Initial job has not accepted any resources; check your cluster UI to ensure that workers are registered and have sufficient resources
[2026-05-04T10:22:19.556+0000] {subprocess.py:93} INFO - 26/05/04 10:22:19 WARN TaskSchedulerImpl: Initial job has not accepted any resources; check your cluster UI to ensure that workers are registered and have sufficient resources
[2026-05-04T10:22:19.556+0000] {subprocess.py:93} INFO - 26/05/04 10:22:19 WARN TaskSchedulerImpl: Initial job has not accepted any resources; check your cluster UI to ensure that workers are registered and have sufficient resources
[2026-05-04T10:22:19.556+0000] {subprocess.py:93} INFO - 26/05/04 10:22:19 WARN TaskSchedulerImpl: Initial job has not accepted any resources; check your cluster UI to ensure that workers are registered and have sufficient resources
[2026-05-04T10:22:19.556+0000] {subprocess.py:93} INFO - 26/05/04 10:22:19 WARN TaskSchedulerImpl: Initial job has not accepted any resources; check your cluster UI to ensure that workers are registered and have sufficient resources
[2026-05-04T10:22:19.557+0000] {subprocess.py:93} INFO - 26/05/04 10:22:19 WARN TaskSchedulerImpl: Initial job has not accepted any resources; check your cluster UI to ensure that workers are registered and have sufficient resources
[2026-05-04T10:22:19.557+0000] {subprocess.py:93} INFO - 26/05/04 10:22:19 WARN TaskSchedulerImpl: Initial job has not accepted any resources; check your cluster UI to ensure that workers are registered and have sufficient resources
[2026-05-04T10:22:19.557+0000] {subprocess.py:93} INFO - 26/05/04 10:22:19 WARN TaskSchedulerImpl: Initial job has not accepted any resources; check your cluster UI to ensure that workers are registered and have sufficient resources
[2026-05-04T10:22:19.557+0000] {subprocess.py:93} INFO - 26/05/04 10:22:19 WARN TaskSchedulerImpl: Initial job has not accepted any resources; check your cluster UI to ensure that workers are registered and have sufficient resources
[2026-05-04T10:22:19.557+0000] {subprocess.py:93} INFO - 26/05/04 10:22:19 WARN TaskSchedulerImpl: Initial job has not accepted any resources; check your cluster UI to ensure that workers are registered and have sufficient resources
[2026-05-04T10:22:19.557+0000] {subprocess.py:93} INFO - 26/05/04 10:22:19 WARN TaskSchedulerImpl: Initial job has not accepted any resources; check your cluster UI to ensure that workers are registered and have sufficient resources
[2026-05-04T10:22:19.557+0000] {subprocess.py:93} INFO - 26/05/04 10:22:19 WARN TaskSchedulerImpl: Initial job has not accepted any resources; check your cluster UI to ensure that workers are registered and have sufficient resources
[2026-05-04T10:22:19.557+0000] {subprocess.py:93} INFO - 26/05/04 10:22:19 WARN TaskSchedulerImpl: Initial job has not accepted any resources; check your cluster UI to ensure that workers are registered and have sufficient resources
[2026-05-04T10:22:19.557+0000] {subprocess.py:93} INFO - 26/05/04 10:22:19 WARN TaskSchedulerImpl: Initial job has not accepted any resources; check your cluster UI to ensure that workers are registered and have sufficient resources
[2026-05-04T10:22:19.557+0000] {subprocess.py:93} INFO - 26/05/04 10:22:19 WARN TaskSchedulerImpl: Initial job has not accepted any resources; check your cluster UI to ensure that workers are registered and have sufficient resources
[2026-05-04T10:22:19.557+0000] {subprocess.py:93} INFO - 26/05/04 10:22:19 WARN TaskSchedulerImpl: Initial job has not accepted any resources; check your cluster UI to ensure that workers are registered and have sufficient resources
[2026-05-04T10:22:19.557+0000] {subprocess.py:93} INFO - 26/05/04 10:22:19 WARN TaskSchedulerImpl: Initial job has not accepted any resources; check your cluster UI to ensure that workers are registered and have sufficient resources
[2026-05-04T10:22:19.557+0000] {subprocess.py:93} INFO - 26/05/04 10:22:19 WARN TaskSchedulerImpl: Initial job has not accepted any resources; check your cluster UI to ensure that workers are registered and have sufficient resources
[2026-05-04T10:22:19.557+0000] {subprocess.py:93} INFO - 26/05/04 10:22:19 WARN TaskSchedulerImpl: Initial job has not accepted any resources; check your cluster UI to ensure that workers are registered and have sufficient resources
[2026-05-04T10:22:19.557+0000] {subprocess.py:93} INFO - 26/05/04 10:22:19 WARN TaskSchedulerImpl: Initial job has not accepted any resources; check your cluster UI to ensure that workers are registered and have sufficient resources
[2026-05-04T10:22:19.558+0000] {subprocess.py:93} INFO - 26/05/04 10:22:19 WARN TaskSchedulerImpl: Initial job has not accepted any resources; check your cluster UI to ensure that workers are registered and have sufficient resources
[2026-05-04T10:22:19.558+0000] {subprocess.py:93} INFO - 26/05/04 10:22:19 WARN TaskSchedulerImpl: Initial job has not accepted any resources; check your cluster UI to ensure that workers are registered and have sufficient resources
[2026-05-04T10:22:19.558+0000] {subprocess.py:93} INFO - 26/05/04 10:22:19 WARN TaskSchedulerImpl: Initial job has not accepted any resources; check your cluster UI to ensure that workers are registered and have sufficient resources
[2026-05-04T10:22:19.558+0000] {subprocess.py:93} INFO - 26/05/04 10:22:19 WARN TaskSchedulerImpl: Initial job has not accepted any resources; check your cluster UI to ensure that workers are registered and have sufficient resources
[2026-05-04T10:22:19.558+0000] {subprocess.py:93} INFO - 26/05/04 10:22:19 WARN TaskSchedulerImpl: Initial job has not accepted any resources; check your cluster UI to ensure that workers are registered and have sufficient resources
[2026-05-04T10:22:19.558+0000] {subprocess.py:93} INFO - 26/05/04 10:22:19 WARN TaskSchedulerImpl: Initial job has not accepted any resources; check your cluster UI to ensure that workers are registered and have sufficient resources
[2026-05-04T10:22:19.559+0000] {subprocess.py:93} INFO - 26/05/04 10:22:19 WARN TaskSchedulerImpl: Initial job has not accepted any resources; check your cluster UI to ensure that workers are registered and have sufficient resources
[2026-05-04T10:22:19.559+0000] {subprocess.py:93} INFO - 26/05/04 10:22:19 WARN TaskSchedulerImpl: Initial job has not accepted any resources; check your cluster UI to ensure that workers are registered and have sufficient resources
[2026-05-04T10:22:19.559+0000] {subprocess.py:93} INFO - 26/05/04 10:22:19 WARN TaskSchedulerImpl: Initial job has not accepted any resources; check your cluster UI to ensure that workers are registered and have sufficient resources
[2026-05-04T10:22:19.559+0000] {subprocess.py:93} INFO - 26/05/04 10:22:19 WARN TaskSchedulerImpl: Initial job has not accepted any resources; check your cluster UI to ensure that workers are registered and have sufficient resources
[2026-05-04T10:22:19.559+0000] {subprocess.py:93} INFO - 26/05/04 10:22:19 WARN TaskSchedulerImpl: Initial job has not accepted any resources; check your cluster UI to ensure that workers are registered and have sufficient resources
[2026-05-04T10:22:19.560+0000] {subprocess.py:93} INFO - 26/05/04 10:22:19 WARN TaskSchedulerImpl: Initial job has not accepted any resources; check your cluster UI to ensure that workers are registered and have sufficient resources
[2026-05-04T10:22:19.560+0000] {subprocess.py:93} INFO - 26/05/04 10:22:19 WARN TaskSchedulerImpl: Initial job has not accepted any resources; check your cluster UI to ensure that workers are registered and have sufficient resources
[2026-05-04T10:22:19.560+0000] {subprocess.py:93} INFO - 26/05/04 10:22:19 WARN TaskSchedulerImpl: Initial job has not accepted any resources; check your cluster UI to ensure that workers are registered and have sufficient resources
[2026-05-04T10:22:19.560+0000] {subprocess.py:93} INFO - 26/05/04 10:22:19 WARN TaskSchedulerImpl: Initial job has not accepted any resources; check your cluster UI to ensure that workers are registered and have sufficient resources
[2026-05-04T10:22:19.560+0000] {subprocess.py:93} INFO - 26/05/04 10:22:19 WARN TaskSchedulerImpl: Initial job has not accepted any resources; check your cluster UI to ensure that workers are registered and have sufficient resources
[2026-05-04T10:22:19.560+0000] {subprocess.py:93} INFO - 26/05/04 10:22:19 WARN TaskSchedulerImpl: Initial job has not accepted any resources; check your cluster UI to ensure that workers are registered and have sufficient resources
[2026-05-04T10:22:19.560+0000] {subprocess.py:93} INFO - 26/05/04 10:22:19 WARN TaskSchedulerImpl: Initial job has not accepted any resources; check your cluster UI to ensure that workers are registered and have sufficient resources
[2026-05-04T10:22:19.560+0000] {subprocess.py:93} INFO - 26/05/04 10:22:19 WARN TaskSchedulerImpl: Initial job has not accepted any resources; check your cluster UI to ensure that workers are registered and have sufficient resources
[2026-05-04T10:22:19.561+0000] {subprocess.py:93} INFO - 26/05/04 10:22:19 WARN TaskSchedulerImpl: Initial job has not accepted any resources; check your cluster UI to ensure that workers are registered and have sufficient resources
[2026-05-04T10:22:19.564+0000] {subprocess.py:93} INFO - 26/05/04 10:22:19 WARN TaskSchedulerImpl: Initial job has not accepted any resources; check your cluster UI to ensure that workers are registered and have sufficient resources
[2026-05-04T10:22:19.564+0000] {subprocess.py:93} INFO - 26/05/04 10:22:19 WARN TaskSchedulerImpl: Initial job has not accepted any resources; check your cluster UI to ensure that workers are registered and have sufficient resources
[2026-05-04T10:22:19.570+0000] {subprocess.py:93} INFO - 26/05/04 10:22:19 WARN TaskSchedulerImpl: Initial job has not accepted any resources; check your cluster UI to ensure that workers are registered and have sufficient resources
[2026-05-04T10:22:19.571+0000] {subprocess.py:93} INFO - 26/05/04 10:22:19 WARN TaskSchedulerImpl: Initial job has not accepted any resources; check your cluster UI to ensure that workers are registered and have sufficient resources
[2026-05-04T10:22:19.573+0000] {subprocess.py:93} INFO - 26/05/04 10:22:19 WARN TaskSchedulerImpl: Initial job has not accepted any resources; check your cluster UI to ensure that workers are registered and have sufficient resources
[2026-05-04T10:22:19.573+0000] {subprocess.py:93} INFO - 26/05/04 10:22:19 WARN TaskSchedulerImpl: Initial job has not accepted any resources; check your cluster UI to ensure that workers are registered and have sufficient resources
[2026-05-04T10:22:24.352+0000] {subprocess.py:93} INFO - 26/05/04 10:22:24 WARN TaskSchedulerImpl: Initial job has not accepted any resources; check your cluster UI to ensure that workers are registered and have sufficient resources
[2026-05-04T10:30:09.177+0000] {subprocess.py:93} INFO - 26/05/04 10:30:09 WARN TaskSchedulerImpl: Initial job has not accepted any resources; check your cluster UI to ensure that workers are registered and have sufficient resources
[2026-05-04T10:30:09.218+0000] {subprocess.py:93} INFO - 26/05/04 10:30:09 WARN TaskSchedulerImpl: Initial job has not accepted any resources; check your cluster UI to ensure that workers are registered and have sufficient resources
[2026-05-04T10:30:09.222+0000] {subprocess.py:93} INFO - 26/05/04 10:30:09 WARN TaskSchedulerImpl: Initial job has not accepted any resources; check your cluster UI to ensure that workers are registered and have sufficient resources
[2026-05-04T10:30:09.223+0000] {subprocess.py:93} INFO - 26/05/04 10:30:09 WARN TaskSchedulerImpl: Initial job has not accepted any resources; check your cluster UI to ensure that workers are registered and have sufficient resources
[2026-05-04T10:30:09.223+0000] {subprocess.py:93} INFO - 26/05/04 10:30:09 WARN TaskSchedulerImpl: Initial job has not accepted any resources; check your cluster UI to ensure that workers are registered and have sufficient resources
[2026-05-04T10:30:09.224+0000] {subprocess.py:93} INFO - 26/05/04 10:30:09 WARN TaskSchedulerImpl: Initial job has not accepted any resources; check your cluster UI to ensure that workers are registered and have sufficient resources
[2026-05-04T10:30:09.226+0000] {subprocess.py:93} INFO - 26/05/04 10:30:09 WARN TaskSchedulerImpl: Initial job has not accepted any resources; check your cluster UI to ensure that workers are registered and have sufficient resources
[2026-05-04T10:30:09.227+0000] {subprocess.py:93} INFO - 26/05/04 10:30:09 WARN TaskSchedulerImpl: Initial job has not accepted any resources; check your cluster UI to ensure that workers are registered and have sufficient resources
[2026-05-04T10:30:09.228+0000] {subprocess.py:93} INFO - 26/05/04 10:30:09 WARN TaskSchedulerImpl: Initial job has not accepted any resources; check your cluster UI to ensure that workers are registered and have sufficient resources
[2026-05-04T10:30:09.229+0000] {subprocess.py:93} INFO - 26/05/04 10:30:09 WARN TaskSchedulerImpl: Initial job has not accepted any resources; check your cluster UI to ensure that workers are registered and have sufficient resources
[2026-05-04T10:30:09.230+0000] {subprocess.py:93} INFO - 26/05/04 10:30:09 WARN TaskSchedulerImpl: Initial job has not accepted any resources; check your cluster UI to ensure that workers are registered and have sufficient resources
[2026-05-04T10:30:09.237+0000] {subprocess.py:93} INFO - 26/05/04 10:30:09 WARN TaskSchedulerImpl: Initial job has not accepted any resources; check your cluster UI to ensure that workers are registered and have sufficient resources
[2026-05-04T10:30:09.241+0000] {subprocess.py:93} INFO - 26/05/04 10:30:09 WARN TaskSchedulerImpl: Initial job has not accepted any resources; check your cluster UI to ensure that workers are registered and have sufficient resources
[2026-05-04T10:30:09.245+0000] {subprocess.py:93} INFO - 26/05/04 10:30:09 WARN TaskSchedulerImpl: Initial job has not accepted any resources; check your cluster UI to ensure that workers are registered and have sufficient resources
[2026-05-04T10:30:09.246+0000] {subprocess.py:93} INFO - 26/05/04 10:30:09 WARN TaskSchedulerImpl: Initial job has not accepted any resources; check your cluster UI to ensure that workers are registered and have sufficient resources
[2026-05-04T10:30:09.247+0000] {subprocess.py:93} INFO - 26/05/04 10:30:09 WARN TaskSchedulerImpl: Initial job has not accepted any resources; check your cluster UI to ensure that workers are registered and have sufficient resources
[2026-05-04T10:30:09.248+0000] {subprocess.py:93} INFO - 26/05/04 10:30:09 WARN TaskSchedulerImpl: Initial job has not accepted any resources; check your cluster UI to ensure that workers are registered and have sufficient resources
[2026-05-04T10:30:09.248+0000] {subprocess.py:93} INFO - 26/05/04 10:30:09 WARN TaskSchedulerImpl: Initial job has not accepted any resources; check your cluster UI to ensure that workers are registered and have sufficient resources
[2026-05-04T10:30:09.249+0000] {subprocess.py:93} INFO - 26/05/04 10:30:09 WARN TaskSchedulerImpl: Initial job has not accepted any resources; check your cluster UI to ensure that workers are registered and have sufficient resources
[2026-05-04T10:30:09.249+0000] {subprocess.py:93} INFO - 26/05/04 10:30:09 WARN TaskSchedulerImpl: Initial job has not accepted any resources; check your cluster UI to ensure that workers are registered and have sufficient resources
[2026-05-04T10:30:09.250+0000] {subprocess.py:93} INFO - 26/05/04 10:30:09 WARN TaskSchedulerImpl: Initial job has not accepted any resources; check your cluster UI to ensure that workers are registered and have sufficient resources
[2026-05-04T10:30:09.251+0000] {subprocess.py:93} INFO - 26/05/04 10:30:09 WARN TaskSchedulerImpl: Initial job has not accepted any resources; check your cluster UI to ensure that workers are registered and have sufficient resources
[2026-05-04T10:30:09.251+0000] {subprocess.py:93} INFO - 26/05/04 10:30:09 WARN TaskSchedulerImpl: Initial job has not accepted any resources; check your cluster UI to ensure that workers are registered and have sufficient resources
[2026-05-04T10:30:09.251+0000] {subprocess.py:93} INFO - 26/05/04 10:30:09 WARN TaskSchedulerImpl: Initial job has not accepted any resources; check your cluster UI to ensure that workers are registered and have sufficient resources
[2026-05-04T10:30:09.252+0000] {subprocess.py:93} INFO - 26/05/04 10:30:09 WARN TaskSchedulerImpl: Initial job has not accepted any resources; check your cluster UI to ensure that workers are registered and have sufficient resources
[2026-05-04T10:30:09.252+0000] {subprocess.py:93} INFO - 26/05/04 10:30:09 WARN TaskSchedulerImpl: Initial job has not accepted any resources; check your cluster UI to ensure that workers are registered and have sufficient resources
[2026-05-04T10:30:09.252+0000] {subprocess.py:93} INFO - 26/05/04 10:30:09 WARN TaskSchedulerImpl: Initial job has not accepted any resources; check your cluster UI to ensure that workers are registered and have sufficient resources
[2026-05-04T10:30:09.253+0000] {subprocess.py:93} INFO - 26/05/04 10:30:09 WARN TaskSchedulerImpl: Initial job has not accepted any resources; check your cluster UI to ensure that workers are registered and have sufficient resources
[2026-05-04T10:30:09.254+0000] {subprocess.py:93} INFO - 26/05/04 10:30:09 WARN TaskSchedulerImpl: Initial job has not accepted any resources; check your cluster UI to ensure that workers are registered and have sufficient resources
[2026-05-04T10:30:09.255+0000] {subprocess.py:93} INFO - 26/05/04 10:30:09 WARN TaskSchedulerImpl: Initial job has not accepted any resources; check your cluster UI to ensure that workers are registered and have sufficient resources
[2026-05-04T10:30:09.255+0000] {subprocess.py:93} INFO - 26/05/04 10:30:09 WARN TaskSchedulerImpl: Initial job has not accepted any resources; check your cluster UI to ensure that workers are registered and have sufficient resources
[2026-05-04T10:30:18.598+0000] {local_task_job_runner.py:302} WARNING - State of this instance has been externally set to up_for_retry. Terminating instance.
[2026-05-04T10:30:18.712+0000] {process_utils.py:131} INFO - Sending 15 to group 14153. PIDs of all processes in the group: [14154, 14155, 14153]
[2026-05-04T10:30:18.722+0000] {process_utils.py:86} INFO - Sending the signal 15 to group 14153
[2026-05-04T10:30:18.760+0000] {taskinstance.py:2450} ERROR - Received SIGTERM. Terminating subprocesses.
[2026-05-04T10:30:18.772+0000] {subprocess.py:104} INFO - Sending SIGTERM signal to process group
[2026-05-04T10:30:19.433+0000] {process_utils.py:79} INFO - Process psutil.Process(pid=14155, status='terminated', started='08:16:09') (14155) terminated with exit code None
[2026-05-04T10:30:19.734+0000] {taskinstance.py:2698} ERROR - Task failed with exception
Traceback (most recent call last):
  File "/home/airflow/.local/lib/python3.11/site-packages/airflow/models/taskinstance.py", line 433, in _execute_task
    result = execute_callable(context=context, **execute_callable_kwargs)
             ^^^^^^^^^^^^^^^^^^^^^^^^^^^^^^^^^^^^^^^^^^^^^^^^^^^^^^^^^^^^
  File "/home/airflow/.local/lib/python3.11/site-packages/airflow/operators/bash.py", line 203, in execute
    result = self.subprocess_hook.run_command(
             ^^^^^^^^^^^^^^^^^^^^^^^^^^^^^^^^^
  File "/home/airflow/.local/lib/python3.11/site-packages/airflow/hooks/subprocess.py", line 91, in run_command
    for raw_line in iter(self.sub_process.stdout.readline, b""):
  File "/home/airflow/.local/lib/python3.11/site-packages/airflow/models/taskinstance.py", line 2452, in signal_handler
    raise AirflowException("Task received SIGTERM signal")
airflow.exceptions.AirflowException: Task received SIGTERM signal
[2026-05-04T10:30:19.931+0000] {taskinstance.py:1138} INFO - Marking task as FAILED. dag_id=f1_bigdata_pipeline, task_id=spark_silver_transform, execution_date=20260427T060000, start_date=20260504T081607, end_date=20260504T103019
[2026-05-04T10:30:20.093+0000] {standard_task_runner.py:107} ERROR - Failed to execute job 59 for task spark_silver_transform (Task received SIGTERM signal; 14153)
[2026-05-04T10:30:20.230+0000] {process_utils.py:79} INFO - Process psutil.Process(pid=14153, status='terminated', exitcode=1, started='08:16:07') (14153) terminated with exit code 1
[2026-05-04T10:30:20.232+0000] {process_utils.py:79} INFO - Process psutil.Process(pid=14154, status='terminated', started='08:16:09') (14154) terminated with exit code None
