[2026-05-05T18:58:06.691+0000] {taskinstance.py:1956} INFO - Dependencies all met for dep_context=non-requeueable deps ti=<TaskInstance: f1_bigdata_pipeline.spark_silver_transform scheduled__2026-04-27T06:00:00+00:00 [queued]>
[2026-05-05T18:58:06.696+0000] {taskinstance.py:1956} INFO - Dependencies all met for dep_context=requeueable deps ti=<TaskInstance: f1_bigdata_pipeline.spark_silver_transform scheduled__2026-04-27T06:00:00+00:00 [queued]>
[2026-05-05T18:58:06.696+0000] {taskinstance.py:2170} INFO - Starting attempt 4 of 5
[2026-05-05T18:58:06.710+0000] {taskinstance.py:2191} INFO - Executing <Task(BashOperator): spark_silver_transform> on 2026-04-27 06:00:00+00:00
[2026-05-05T18:58:06.738+0000] {standard_task_runner.py:60} INFO - Started process 18067 to run task
[2026-05-05T18:58:06.806+0000] {standard_task_runner.py:87} INFO - Running: ['airflow', 'tasks', 'run', 'f1_bigdata_pipeline', 'spark_silver_transform', 'scheduled__2026-04-27T06:00:00+00:00', '--job-id', '68', '--raw', '--subdir', 'DAGS_FOLDER/f1_pipeline_dag.py', '--cfg-path', '/tmp/tmpl17x1n4o']
[2026-05-05T18:58:06.856+0000] {standard_task_runner.py:88} INFO - Job 68: Subtask spark_silver_transform
[2026-05-05T18:58:07.307+0000] {task_command.py:423} INFO - Running <TaskInstance: f1_bigdata_pipeline.spark_silver_transform scheduled__2026-04-27T06:00:00+00:00 [running]> on host 6879df3dac39
[2026-05-05T18:58:07.602+0000] {taskinstance.py:2480} INFO - Exporting env vars: AIRFLOW_CTX_DAG_OWNER='f1_bigdata' AIRFLOW_CTX_DAG_ID='f1_bigdata_pipeline' AIRFLOW_CTX_TASK_ID='spark_silver_transform' AIRFLOW_CTX_EXECUTION_DATE='2026-04-27T06:00:00+00:00' AIRFLOW_CTX_TRY_NUMBER='4' AIRFLOW_CTX_DAG_RUN_ID='scheduled__2026-04-27T06:00:00+00:00'
[2026-05-05T18:58:07.614+0000] {subprocess.py:63} INFO - Tmp dir root location: /tmp
[2026-05-05T18:58:07.615+0000] {subprocess.py:75} INFO - Running command: ['/usr/bin/bash', '-c', '\n        docker exec f1_spark_master /opt/spark/bin/spark-submit             --master spark://spark-master:7077             --driver-memory 1g             --executor-memory 1g             /opt/spark-jobs/spark_silver.py\n    ']
[2026-05-05T18:58:07.626+0000] {subprocess.py:86} INFO - Output:
[2026-05-05T18:58:11.367+0000] {subprocess.py:93} INFO - 26/05/05 18:58:11 INFO SparkContext: Running Spark version 3.5.1
[2026-05-05T18:58:11.371+0000] {subprocess.py:93} INFO - 26/05/05 18:58:11 INFO SparkContext: OS info Linux, 6.6.32-linuxkit, aarch64
[2026-05-05T18:58:11.371+0000] {subprocess.py:93} INFO - 26/05/05 18:58:11 INFO SparkContext: Java version 11.0.22
[2026-05-05T18:58:11.450+0000] {subprocess.py:93} INFO - 26/05/05 18:58:11 WARN NativeCodeLoader: Unable to load native-hadoop library for your platform... using builtin-java classes where applicable
[2026-05-05T18:58:11.559+0000] {subprocess.py:93} INFO - 26/05/05 18:58:11 INFO ResourceUtils: ==============================================================
[2026-05-05T18:58:11.559+0000] {subprocess.py:93} INFO - 26/05/05 18:58:11 INFO ResourceUtils: No custom resources configured for spark.driver.
[2026-05-05T18:58:11.560+0000] {subprocess.py:93} INFO - 26/05/05 18:58:11 INFO ResourceUtils: ==============================================================
[2026-05-05T18:58:11.560+0000] {subprocess.py:93} INFO - 26/05/05 18:58:11 INFO SparkContext: Submitted application: F1_BigData_Silver
[2026-05-05T18:58:11.628+0000] {subprocess.py:93} INFO - 26/05/05 18:58:11 INFO ResourceProfile: Default ResourceProfile created, executor resources: Map(memory -> name: memory, amount: 1024, script: , vendor: , offHeap -> name: offHeap, amount: 0, script: , vendor: ), task resources: Map(cpus -> name: cpus, amount: 1.0)
[2026-05-05T18:58:11.635+0000] {subprocess.py:93} INFO - 26/05/05 18:58:11 INFO ResourceProfile: Limiting resource is cpu
[2026-05-05T18:58:11.636+0000] {subprocess.py:93} INFO - 26/05/05 18:58:11 INFO ResourceProfileManager: Added ResourceProfile id: 0
[2026-05-05T18:58:11.685+0000] {subprocess.py:93} INFO - 26/05/05 18:58:11 INFO SecurityManager: Changing view acls to: spark
[2026-05-05T18:58:11.685+0000] {subprocess.py:93} INFO - 26/05/05 18:58:11 INFO SecurityManager: Changing modify acls to: spark
[2026-05-05T18:58:11.685+0000] {subprocess.py:93} INFO - 26/05/05 18:58:11 INFO SecurityManager: Changing view acls groups to:
[2026-05-05T18:58:11.686+0000] {subprocess.py:93} INFO - 26/05/05 18:58:11 INFO SecurityManager: Changing modify acls groups to:
[2026-05-05T18:58:11.686+0000] {subprocess.py:93} INFO - 26/05/05 18:58:11 INFO SecurityManager: SecurityManager: authentication disabled; ui acls disabled; users with view permissions: spark; groups with view permissions: EMPTY; users with modify permissions: spark; groups with modify permissions: EMPTY
[2026-05-05T18:58:12.014+0000] {subprocess.py:93} INFO - 26/05/05 18:58:12 INFO Utils: Successfully started service 'sparkDriver' on port 35821.
[2026-05-05T18:58:12.053+0000] {subprocess.py:93} INFO - 26/05/05 18:58:12 INFO SparkEnv: Registering MapOutputTracker
[2026-05-05T18:58:12.082+0000] {subprocess.py:93} INFO - 26/05/05 18:58:12 INFO SparkEnv: Registering BlockManagerMaster
[2026-05-05T18:58:12.093+0000] {subprocess.py:93} INFO - 26/05/05 18:58:12 INFO BlockManagerMasterEndpoint: Using org.apache.spark.storage.DefaultTopologyMapper for getting topology information
[2026-05-05T18:58:12.094+0000] {subprocess.py:93} INFO - 26/05/05 18:58:12 INFO BlockManagerMasterEndpoint: BlockManagerMasterEndpoint up
[2026-05-05T18:58:12.095+0000] {subprocess.py:93} INFO - 26/05/05 18:58:12 INFO SparkEnv: Registering BlockManagerMasterHeartbeat
[2026-05-05T18:58:12.114+0000] {subprocess.py:93} INFO - 26/05/05 18:58:12 INFO DiskBlockManager: Created local directory at /tmp/blockmgr-2a894ca9-5aa7-4d9c-aaad-71a96d6ba066
[2026-05-05T18:58:12.121+0000] {subprocess.py:93} INFO - 26/05/05 18:58:12 INFO MemoryStore: MemoryStore started with capacity 434.4 MiB
[2026-05-05T18:58:12.137+0000] {subprocess.py:93} INFO - 26/05/05 18:58:12 INFO SparkEnv: Registering OutputCommitCoordinator
[2026-05-05T18:58:12.277+0000] {subprocess.py:93} INFO - 26/05/05 18:58:12 INFO JettyUtils: Start Jetty 0.0.0.0:4040 for SparkUI
[2026-05-05T18:58:12.414+0000] {subprocess.py:93} INFO - 26/05/05 18:58:12 INFO Utils: Successfully started service 'SparkUI' on port 4040.
[2026-05-05T18:58:12.660+0000] {subprocess.py:93} INFO - 26/05/05 18:58:12 INFO StandaloneAppClient$ClientEndpoint: Connecting to master spark://spark-master:7077...
[2026-05-05T18:58:12.715+0000] {subprocess.py:93} INFO - 26/05/05 18:58:12 INFO TransportClientFactory: Successfully created connection to spark-master/172.20.0.3:7077 after 24 ms (0 ms spent in bootstraps)
[2026-05-05T18:58:12.919+0000] {subprocess.py:93} INFO - 26/05/05 18:58:12 INFO StandaloneSchedulerBackend: Connected to Spark cluster with app ID app-20260505185812-0007
[2026-05-05T18:58:12.939+0000] {subprocess.py:93} INFO - 26/05/05 18:58:12 INFO Utils: Successfully started service 'org.apache.spark.network.netty.NettyBlockTransferService' on port 44513.
[2026-05-05T18:58:12.939+0000] {subprocess.py:93} INFO - 26/05/05 18:58:12 INFO NettyBlockTransferService: Server created on e8718f0f08fc:44513
[2026-05-05T18:58:12.941+0000] {subprocess.py:93} INFO - 26/05/05 18:58:12 INFO BlockManager: Using org.apache.spark.storage.RandomBlockReplicationPolicy for block replication policy
[2026-05-05T18:58:12.952+0000] {subprocess.py:93} INFO - 26/05/05 18:58:12 INFO BlockManagerMaster: Registering BlockManager BlockManagerId(driver, e8718f0f08fc, 44513, None)
[2026-05-05T18:58:12.954+0000] {subprocess.py:93} INFO - 26/05/05 18:58:12 INFO StandaloneAppClient$ClientEndpoint: Executor added: app-20260505185812-0007/0 on worker-20260502140747-172.20.0.4-34417 (172.20.0.4:34417) with 2 core(s)
[2026-05-05T18:58:12.955+0000] {subprocess.py:93} INFO - 26/05/05 18:58:12 INFO StandaloneSchedulerBackend: Granted executor ID app-20260505185812-0007/0 on hostPort 172.20.0.4:34417 with 2 core(s), 1024.0 MiB RAM
[2026-05-05T18:58:12.955+0000] {subprocess.py:93} INFO - 26/05/05 18:58:12 INFO StandaloneAppClient$ClientEndpoint: Executor added: app-20260505185812-0007/1 on worker-20260502140747-172.20.0.5-35617 (172.20.0.5:35617) with 2 core(s)
[2026-05-05T18:58:12.956+0000] {subprocess.py:93} INFO - 26/05/05 18:58:12 INFO StandaloneSchedulerBackend: Granted executor ID app-20260505185812-0007/1 on hostPort 172.20.0.5:35617 with 2 core(s), 1024.0 MiB RAM
[2026-05-05T18:58:12.956+0000] {subprocess.py:93} INFO - 26/05/05 18:58:12 INFO BlockManagerMasterEndpoint: Registering block manager e8718f0f08fc:44513 with 434.4 MiB RAM, BlockManagerId(driver, e8718f0f08fc, 44513, None)
[2026-05-05T18:58:12.956+0000] {subprocess.py:93} INFO - 26/05/05 18:58:12 INFO BlockManagerMaster: Registered BlockManager BlockManagerId(driver, e8718f0f08fc, 44513, None)
[2026-05-05T18:58:12.961+0000] {subprocess.py:93} INFO - 26/05/05 18:58:12 INFO BlockManager: Initialized BlockManager: BlockManagerId(driver, e8718f0f08fc, 44513, None)
[2026-05-05T18:58:13.481+0000] {subprocess.py:93} INFO - 26/05/05 18:58:13 INFO StandaloneAppClient$ClientEndpoint: Executor updated: app-20260505185812-0007/1 is now RUNNING
[2026-05-05T18:58:13.483+0000] {subprocess.py:93} INFO - 26/05/05 18:58:13 INFO StandaloneAppClient$ClientEndpoint: Executor updated: app-20260505185812-0007/0 is now RUNNING
[2026-05-05T18:58:13.491+0000] {subprocess.py:93} INFO - 26/05/05 18:58:13 INFO StandaloneSchedulerBackend: SchedulerBackend is ready for scheduling beginning after reached minRegisteredResourcesRatio: 0.0
[2026-05-05T18:58:13.975+0000] {subprocess.py:93} INFO - F1 Big Data — Spark Silver Transform
[2026-05-05T18:58:13.975+0000] {subprocess.py:93} INFO - ============================================================
[2026-05-05T18:58:13.976+0000] {subprocess.py:93} INFO - ============================================================
[2026-05-05T18:58:13.976+0000] {subprocess.py:93} INFO - SILVER: Race Results
[2026-05-05T18:58:13.976+0000] {subprocess.py:93} INFO - ============================================================
[2026-05-05T18:58:38.004+0000] {subprocess.py:93} INFO - Read 3546 raw rows
[2026-05-05T18:58:40.753+0000] {subprocess.py:93} INFO - 26/05/05 18:58:40 WARN SparkStringUtils: Truncated the string representation of a plan since it was too large. This behavior can be adjusted by setting 'spark.sql.debug.maxToStringFields'.
[2026-05-05T18:58:57.716+0000] {subprocess.py:93} INFO - ✓ Silver race_results: 3546 rows
[2026-05-05T18:58:57.727+0000] {subprocess.py:93} INFO - ============================================================
[2026-05-05T18:58:57.727+0000] {subprocess.py:93} INFO - SILVER: Qualifying
[2026-05-05T18:58:57.729+0000] {subprocess.py:93} INFO - ============================================================
[2026-05-05T18:59:08.740+0000] {subprocess.py:93} INFO - ✓ Silver qualifying: 3540 rows
[2026-05-05T18:59:08.748+0000] {subprocess.py:93} INFO - ============================================================
[2026-05-05T18:59:08.749+0000] {subprocess.py:93} INFO - SILVER: Pit Stops
[2026-05-05T18:59:08.749+0000] {subprocess.py:93} INFO - ============================================================
[2026-05-05T18:59:16.497+0000] {subprocess.py:93} INFO - ✓ Silver pit_stops: 5696 rows
[2026-05-05T18:59:16.508+0000] {subprocess.py:93} INFO - ============================================================
[2026-05-05T18:59:16.508+0000] {subprocess.py:93} INFO - SILVER: Laps
[2026-05-05T18:59:16.517+0000] {subprocess.py:93} INFO - ============================================================
[2026-05-05T19:02:40.387+0000] {subprocess.py:93} INFO - 26/05/05 19:02:40 WARN DAGScheduler: Broadcasting large task binary with size 6.9 MiB
[2026-05-05T19:03:57.004+0000] {subprocess.py:93} INFO - 26/05/05 19:03:56 WARN DAGScheduler: Broadcasting large task binary with size 3.6 MiB
[2026-05-05T19:04:05.489+0000] {subprocess.py:93} INFO - 26/05/05 19:04:05 WARN DAGScheduler: Broadcasting large task binary with size 3.8 MiB
[2026-05-05T19:04:27.784+0000] {subprocess.py:93} INFO - 26/05/05 19:04:27 WARN DAGScheduler: Broadcasting large task binary with size 1641.7 KiB
[2026-05-05T19:05:13.408+0000] {subprocess.py:93} INFO - ✓ Silver laps: 182761 rows
[2026-05-05T19:05:13.502+0000] {subprocess.py:93} INFO - ============================================================
[2026-05-05T19:05:13.504+0000] {subprocess.py:93} INFO - SILVER: Race Master (Joined)
[2026-05-05T19:05:13.510+0000] {subprocess.py:93} INFO - ============================================================
[2026-05-05T19:05:23.236+0000] {subprocess.py:93} INFO - ✓ Silver race_master: 3546 rows, 32 columns
[2026-05-05T19:05:23.272+0000] {subprocess.py:93} INFO - 
[2026-05-05T19:05:23.272+0000] {subprocess.py:93} INFO - Spark Silver layer complete!
[2026-05-05T19:05:28.569+0000] {subprocess.py:97} INFO - Command exited with return code 0
[2026-05-05T19:05:30.770+0000] {taskinstance.py:1138} INFO - Marking task as SUCCESS. dag_id=f1_bigdata_pipeline, task_id=spark_silver_transform, execution_date=20260427T060000, start_date=20260505T185806, end_date=20260505T190530
[2026-05-05T19:05:31.499+0000] {local_task_job_runner.py:234} INFO - Task exited with return code 0
[2026-05-05T19:05:32.534+0000] {taskinstance.py:3280} INFO - 0 downstream tasks scheduled from follow-on schedule check
