[2026-05-05T19:05:38.950+0000] {taskinstance.py:1956} INFO - Dependencies all met for dep_context=non-requeueable deps ti=<TaskInstance: f1_bigdata_pipeline.spark_gold_features scheduled__2026-04-27T06:00:00+00:00 [queued]>
[2026-05-05T19:05:38.956+0000] {taskinstance.py:1956} INFO - Dependencies all met for dep_context=requeueable deps ti=<TaskInstance: f1_bigdata_pipeline.spark_gold_features scheduled__2026-04-27T06:00:00+00:00 [queued]>
[2026-05-05T19:05:38.956+0000] {taskinstance.py:2170} INFO - Starting attempt 1 of 3
[2026-05-05T19:05:38.977+0000] {taskinstance.py:2191} INFO - Executing <Task(BashOperator): spark_gold_features> on 2026-04-27 06:00:00+00:00
[2026-05-05T19:05:38.998+0000] {standard_task_runner.py:60} INFO - Started process 18147 to run task
[2026-05-05T19:05:39.014+0000] {standard_task_runner.py:87} INFO - Running: ['airflow', 'tasks', 'run', 'f1_bigdata_pipeline', 'spark_gold_features', 'scheduled__2026-04-27T06:00:00+00:00', '--job-id', '69', '--raw', '--subdir', 'DAGS_FOLDER/f1_pipeline_dag.py', '--cfg-path', '/tmp/tmpvpb3jfx8']
[2026-05-05T19:05:39.027+0000] {standard_task_runner.py:88} INFO - Job 69: Subtask spark_gold_features
[2026-05-05T19:05:39.211+0000] {task_command.py:423} INFO - Running <TaskInstance: f1_bigdata_pipeline.spark_gold_features scheduled__2026-04-27T06:00:00+00:00 [running]> on host 6879df3dac39
[2026-05-05T19:05:39.500+0000] {taskinstance.py:2480} INFO - Exporting env vars: AIRFLOW_CTX_DAG_OWNER='f1_bigdata' AIRFLOW_CTX_DAG_ID='f1_bigdata_pipeline' AIRFLOW_CTX_TASK_ID='spark_gold_features' AIRFLOW_CTX_EXECUTION_DATE='2026-04-27T06:00:00+00:00' AIRFLOW_CTX_TRY_NUMBER='1' AIRFLOW_CTX_DAG_RUN_ID='scheduled__2026-04-27T06:00:00+00:00'
[2026-05-05T19:05:39.554+0000] {subprocess.py:63} INFO - Tmp dir root location: /tmp
[2026-05-05T19:05:39.560+0000] {subprocess.py:75} INFO - Running command: ['/usr/bin/bash', '-c', '\n        docker exec f1_spark_master /opt/spark/bin/spark-submit             --master spark://spark-master:7077             --driver-memory 1g             --executor-memory 1g             /opt/spark-jobs/spark_gold.py\n    ']
[2026-05-05T19:05:39.611+0000] {subprocess.py:86} INFO - Output:
[2026-05-05T19:05:43.342+0000] {subprocess.py:93} INFO - 26/05/05 19:05:43 INFO SparkContext: Running Spark version 3.5.1
[2026-05-05T19:05:43.349+0000] {subprocess.py:93} INFO - 26/05/05 19:05:43 INFO SparkContext: OS info Linux, 6.6.32-linuxkit, aarch64
[2026-05-05T19:05:43.350+0000] {subprocess.py:93} INFO - 26/05/05 19:05:43 INFO SparkContext: Java version 11.0.22
[2026-05-05T19:05:43.404+0000] {subprocess.py:93} INFO - 26/05/05 19:05:43 WARN NativeCodeLoader: Unable to load native-hadoop library for your platform... using builtin-java classes where applicable
[2026-05-05T19:05:43.470+0000] {subprocess.py:93} INFO - 26/05/05 19:05:43 INFO ResourceUtils: ==============================================================
[2026-05-05T19:05:43.472+0000] {subprocess.py:93} INFO - 26/05/05 19:05:43 INFO ResourceUtils: No custom resources configured for spark.driver.
[2026-05-05T19:05:43.473+0000] {subprocess.py:93} INFO - 26/05/05 19:05:43 INFO ResourceUtils: ==============================================================
[2026-05-05T19:05:43.473+0000] {subprocess.py:93} INFO - 26/05/05 19:05:43 INFO SparkContext: Submitted application: F1_BigData_Gold
[2026-05-05T19:05:43.485+0000] {subprocess.py:93} INFO - 26/05/05 19:05:43 INFO ResourceProfile: Default ResourceProfile created, executor resources: Map(memory -> name: memory, amount: 1024, script: , vendor: , offHeap -> name: offHeap, amount: 0, script: , vendor: ), task resources: Map(cpus -> name: cpus, amount: 1.0)
[2026-05-05T19:05:43.491+0000] {subprocess.py:93} INFO - 26/05/05 19:05:43 INFO ResourceProfile: Limiting resource is cpu
[2026-05-05T19:05:43.492+0000] {subprocess.py:93} INFO - 26/05/05 19:05:43 INFO ResourceProfileManager: Added ResourceProfile id: 0
[2026-05-05T19:05:43.546+0000] {subprocess.py:93} INFO - 26/05/05 19:05:43 INFO SecurityManager: Changing view acls to: spark
[2026-05-05T19:05:43.547+0000] {subprocess.py:93} INFO - 26/05/05 19:05:43 INFO SecurityManager: Changing modify acls to: spark
[2026-05-05T19:05:43.547+0000] {subprocess.py:93} INFO - 26/05/05 19:05:43 INFO SecurityManager: Changing view acls groups to:
[2026-05-05T19:05:43.547+0000] {subprocess.py:93} INFO - 26/05/05 19:05:43 INFO SecurityManager: Changing modify acls groups to:
[2026-05-05T19:05:43.547+0000] {subprocess.py:93} INFO - 26/05/05 19:05:43 INFO SecurityManager: SecurityManager: authentication disabled; ui acls disabled; users with view permissions: spark; groups with view permissions: EMPTY; users with modify permissions: spark; groups with modify permissions: EMPTY
[2026-05-05T19:05:43.979+0000] {subprocess.py:93} INFO - 26/05/05 19:05:43 INFO Utils: Successfully started service 'sparkDriver' on port 43937.
[2026-05-05T19:05:44.105+0000] {subprocess.py:93} INFO - 26/05/05 19:05:44 INFO SparkEnv: Registering MapOutputTracker
[2026-05-05T19:05:44.171+0000] {subprocess.py:93} INFO - 26/05/05 19:05:44 INFO SparkEnv: Registering BlockManagerMaster
[2026-05-05T19:05:44.193+0000] {subprocess.py:93} INFO - 26/05/05 19:05:44 INFO BlockManagerMasterEndpoint: Using org.apache.spark.storage.DefaultTopologyMapper for getting topology information
[2026-05-05T19:05:44.193+0000] {subprocess.py:93} INFO - 26/05/05 19:05:44 INFO BlockManagerMasterEndpoint: BlockManagerMasterEndpoint up
[2026-05-05T19:05:44.195+0000] {subprocess.py:93} INFO - 26/05/05 19:05:44 INFO SparkEnv: Registering BlockManagerMasterHeartbeat
[2026-05-05T19:05:44.251+0000] {subprocess.py:93} INFO - 26/05/05 19:05:44 INFO DiskBlockManager: Created local directory at /tmp/blockmgr-59160b86-9fec-4979-9d2e-fa7037c482c5
[2026-05-05T19:05:44.263+0000] {subprocess.py:93} INFO - 26/05/05 19:05:44 INFO MemoryStore: MemoryStore started with capacity 434.4 MiB
[2026-05-05T19:05:44.290+0000] {subprocess.py:93} INFO - 26/05/05 19:05:44 INFO SparkEnv: Registering OutputCommitCoordinator
[2026-05-05T19:05:44.494+0000] {subprocess.py:93} INFO - 26/05/05 19:05:44 INFO JettyUtils: Start Jetty 0.0.0.0:4040 for SparkUI
[2026-05-05T19:05:44.611+0000] {subprocess.py:93} INFO - 26/05/05 19:05:44 INFO Utils: Successfully started service 'SparkUI' on port 4040.
[2026-05-05T19:05:44.705+0000] {subprocess.py:93} INFO - 26/05/05 19:05:44 INFO StandaloneAppClient$ClientEndpoint: Connecting to master spark://spark-master:7077...
[2026-05-05T19:05:44.756+0000] {subprocess.py:93} INFO - 26/05/05 19:05:44 INFO TransportClientFactory: Successfully created connection to spark-master/172.20.0.3:7077 after 24 ms (0 ms spent in bootstraps)
[2026-05-05T19:05:44.951+0000] {subprocess.py:93} INFO - 26/05/05 19:05:44 INFO StandaloneSchedulerBackend: Connected to Spark cluster with app ID app-20260505190544-0008
[2026-05-05T19:05:44.980+0000] {subprocess.py:93} INFO - 26/05/05 19:05:44 INFO Utils: Successfully started service 'org.apache.spark.network.netty.NettyBlockTransferService' on port 45607.
[2026-05-05T19:05:44.983+0000] {subprocess.py:93} INFO - 26/05/05 19:05:44 INFO NettyBlockTransferService: Server created on e8718f0f08fc:45607
[2026-05-05T19:05:44.984+0000] {subprocess.py:93} INFO - 26/05/05 19:05:44 INFO BlockManager: Using org.apache.spark.storage.RandomBlockReplicationPolicy for block replication policy
[2026-05-05T19:05:44.990+0000] {subprocess.py:93} INFO - 26/05/05 19:05:44 INFO StandaloneAppClient$ClientEndpoint: Executor added: app-20260505190544-0008/0 on worker-20260502140747-172.20.0.4-34417 (172.20.0.4:34417) with 2 core(s)
[2026-05-05T19:05:44.992+0000] {subprocess.py:93} INFO - 26/05/05 19:05:44 INFO StandaloneSchedulerBackend: Granted executor ID app-20260505190544-0008/0 on hostPort 172.20.0.4:34417 with 2 core(s), 1024.0 MiB RAM
[2026-05-05T19:05:44.993+0000] {subprocess.py:93} INFO - 26/05/05 19:05:44 INFO StandaloneAppClient$ClientEndpoint: Executor added: app-20260505190544-0008/1 on worker-20260502140747-172.20.0.5-35617 (172.20.0.5:35617) with 2 core(s)
[2026-05-05T19:05:44.993+0000] {subprocess.py:93} INFO - 26/05/05 19:05:44 INFO StandaloneSchedulerBackend: Granted executor ID app-20260505190544-0008/1 on hostPort 172.20.0.5:35617 with 2 core(s), 1024.0 MiB RAM
[2026-05-05T19:05:45.005+0000] {subprocess.py:93} INFO - 26/05/05 19:05:44 INFO BlockManagerMaster: Registering BlockManager BlockManagerId(driver, e8718f0f08fc, 45607, None)
[2026-05-05T19:05:45.010+0000] {subprocess.py:93} INFO - 26/05/05 19:05:45 INFO BlockManagerMasterEndpoint: Registering block manager e8718f0f08fc:45607 with 434.4 MiB RAM, BlockManagerId(driver, e8718f0f08fc, 45607, None)
[2026-05-05T19:05:45.014+0000] {subprocess.py:93} INFO - 26/05/05 19:05:45 INFO BlockManagerMaster: Registered BlockManager BlockManagerId(driver, e8718f0f08fc, 45607, None)
[2026-05-05T19:05:45.018+0000] {subprocess.py:93} INFO - 26/05/05 19:05:45 INFO BlockManager: Initialized BlockManager: BlockManagerId(driver, e8718f0f08fc, 45607, None)
[2026-05-05T19:05:46.118+0000] {subprocess.py:93} INFO - 26/05/05 19:05:46 INFO StandaloneAppClient$ClientEndpoint: Executor updated: app-20260505190544-0008/0 is now RUNNING
[2026-05-05T19:05:46.126+0000] {subprocess.py:93} INFO - 26/05/05 19:05:46 INFO StandaloneAppClient$ClientEndpoint: Executor updated: app-20260505190544-0008/1 is now RUNNING
[2026-05-05T19:05:46.205+0000] {subprocess.py:93} INFO - 26/05/05 19:05:46 INFO StandaloneSchedulerBackend: SchedulerBackend is ready for scheduling beginning after reached minRegisteredResourcesRatio: 0.0
[2026-05-05T19:05:46.616+0000] {subprocess.py:93} INFO - 🏎️  F1 Gold Layer — Feature Engineering (PySpark)
[2026-05-05T19:05:46.617+0000] {subprocess.py:93} INFO - ============================================================
[2026-05-05T19:06:02.381+0000] {subprocess.py:93} INFO - Loaded race_master: 3546 rows
[2026-05-05T19:06:05.973+0000] {subprocess.py:93} INFO - 26/05/05 19:06:05 WARN SparkStringUtils: Truncated the string representation of a plan since it was too large. This behavior can be adjusted by setting 'spark.sql.debug.maxToStringFields'.
[2026-05-05T19:06:21.580+0000] {subprocess.py:93} INFO - ✓ Gold race_prediction_features: 3546 rows, 35 columns
[2026-05-05T19:06:21.658+0000] {subprocess.py:93} INFO - 
[2026-05-05T19:06:21.660+0000] {subprocess.py:93} INFO - Features: ['season', 'round', 'driver_id', 'race_name', 'circuit_id', 'circuit_name', 'race_date', 'driver_code', 'driver_name', 'constructor_id', 'constructor_name', 'grid', 'position', 'best_quali_seconds', 'q1_seconds', 'q2_seconds', 'q3_seconds', 'num_pit_stops', 'rolling_avg_position_5', 'rolling_avg_points_5', 'rolling_dnf_rate_5', 'rolling_positions_gained_5', 'constructor_rolling_points', 'rolling_consistency', 'quali_gap_to_pole', 'quali_gap_pct', 'pit_strategy_aggressive', 'pit_stops_vs_field', 'circuit_avg_position', 'circuit_races_count', 'season_cumulative_points', 'target_position', 'target_podium', 'target_points_finish', 'target_winner']
[2026-05-05T19:06:21.661+0000] {subprocess.py:93} INFO - 
[2026-05-05T19:06:21.662+0000] {subprocess.py:93} INFO - ✅ Spark Gold layer complete!
[2026-05-05T19:06:22.809+0000] {subprocess.py:97} INFO - Command exited with return code 0
[2026-05-05T19:06:23.051+0000] {taskinstance.py:1138} INFO - Marking task as SUCCESS. dag_id=f1_bigdata_pipeline, task_id=spark_gold_features, execution_date=20260427T060000, start_date=20260505T190538, end_date=20260505T190623
[2026-05-05T19:06:23.193+0000] {local_task_job_runner.py:234} INFO - Task exited with return code 0
[2026-05-05T19:06:23.304+0000] {taskinstance.py:3280} INFO - 1 downstream tasks scheduled from follow-on schedule check
