[2026-05-05T18:31:23.257+0000] {taskinstance.py:1956} INFO - Dependencies all met for dep_context=non-requeueable deps ti=<TaskInstance: f1_bigdata_pipeline.ingest_bronze_latest manual__2026-05-05T18:31:20.035006+00:00 [queued]>
[2026-05-05T18:31:23.260+0000] {taskinstance.py:1956} INFO - Dependencies all met for dep_context=requeueable deps ti=<TaskInstance: f1_bigdata_pipeline.ingest_bronze_latest manual__2026-05-05T18:31:20.035006+00:00 [queued]>
[2026-05-05T18:31:23.260+0000] {taskinstance.py:2170} INFO - Starting attempt 1 of 3
[2026-05-05T18:31:23.266+0000] {taskinstance.py:2191} INFO - Executing <Task(BashOperator): ingest_bronze_latest> on 2026-05-05 18:31:20.035006+00:00
[2026-05-05T18:31:23.278+0000] {standard_task_runner.py:60} INFO - Started process 17481 to run task
[2026-05-05T18:31:23.284+0000] {standard_task_runner.py:87} INFO - Running: ['airflow', 'tasks', 'run', 'f1_bigdata_pipeline', 'ingest_bronze_latest', 'manual__2026-05-05T18:31:20.035006+00:00', '--job-id', '60', '--raw', '--subdir', 'DAGS_FOLDER/f1_pipeline_dag.py', '--cfg-path', '/tmp/tmpheasrrba']
[2026-05-05T18:31:23.291+0000] {standard_task_runner.py:88} INFO - Job 60: Subtask ingest_bronze_latest
[2026-05-05T18:31:23.368+0000] {task_command.py:423} INFO - Running <TaskInstance: f1_bigdata_pipeline.ingest_bronze_latest manual__2026-05-05T18:31:20.035006+00:00 [running]> on host 6879df3dac39
[2026-05-05T18:31:23.416+0000] {logging_mixin.py:188} WARNING - /home/airflow/.local/lib/python3.11/site-packages/airflow/utils/context.py:207 AirflowContextDeprecationWarning: Accessing 'execution_date' from the template is deprecated and will be removed in a future version. Please use 'data_interval_start' or 'logical_date' instead.
[2026-05-05T18:31:23.440+0000] {taskinstance.py:2480} INFO - Exporting env vars: AIRFLOW_CTX_DAG_OWNER='f1_bigdata' AIRFLOW_CTX_DAG_ID='f1_bigdata_pipeline' AIRFLOW_CTX_TASK_ID='ingest_bronze_latest' AIRFLOW_CTX_EXECUTION_DATE='2026-05-05T18:31:20.035006+00:00' AIRFLOW_CTX_TRY_NUMBER='1' AIRFLOW_CTX_DAG_RUN_ID='manual__2026-05-05T18:31:20.035006+00:00'
[2026-05-05T18:31:23.450+0000] {subprocess.py:63} INFO - Tmp dir root location: /tmp
[2026-05-05T18:31:23.453+0000] {subprocess.py:75} INFO - Running command: ['/usr/bin/bash', '-c', '\n        cd /opt/airflow &&\n        python -c "\nimport sys\nsys.path.insert(0, \'/opt/airflow\')\nfrom ingestion.bronze_ingestion import ErgastIngestion, FastF1Ingestion\nimport fastf1, time\n\nseason = 2026\nergast = ErgastIngestion()\nergast.ingest_race_results(season)\ntime.sleep(2)\nergast.ingest_qualifying(season)\ntime.sleep(2)\nergast.ingest_pit_stops(season)\ntime.sleep(2)\nergast.ingest_driver_standings(season)\n\nff1 = FastF1Ingestion()\nschedule = fastf1.get_event_schedule(season)\nlatest_round = schedule[schedule[\'EventDate\'] < \'2026-05-05\'][\'RoundNumber\'].max()\nif latest_round > 0:\n    ff1.ingest_session_laps(season, int(latest_round), \'R\')\n    ff1.ingest_weather(season, int(latest_round), \'R\')\nprint(f\'Ingested up to {season} R{latest_round}\')\n"\n    ']
[2026-05-05T18:31:23.467+0000] {subprocess.py:86} INFO - Output:
[2026-05-05T18:31:45.884+0000] {subprocess.py:93} INFO - core           INFO 	Loading data for Miami Grand Prix - Race [v3.8.2]
[2026-05-05T18:31:45.888+0000] {subprocess.py:93} INFO - req            INFO 	No cached data found for session_info. Loading data...
[2026-05-05T18:31:45.888+0000] {subprocess.py:93} INFO - _api           INFO 	Fetching session info data...
[2026-05-05T18:31:46.087+0000] {subprocess.py:93} INFO - req            INFO 	Data has been written to cache!
[2026-05-05T18:31:46.088+0000] {subprocess.py:93} INFO - req            INFO 	No cached data found for driver_info. Loading data...
[2026-05-05T18:31:46.088+0000] {subprocess.py:93} INFO - _api           INFO 	Fetching driver list...
[2026-05-05T18:31:46.318+0000] {subprocess.py:93} INFO - req            INFO 	Data has been written to cache!
[2026-05-05T18:31:46.857+0000] {subprocess.py:93} INFO - req            INFO 	No cached data found for session_status_data. Loading data...
[2026-05-05T18:31:46.858+0000] {subprocess.py:93} INFO - _api           INFO 	Fetching session status data...
[2026-05-05T18:31:46.924+0000] {subprocess.py:93} INFO - req            INFO 	Data has been written to cache!
[2026-05-05T18:31:46.924+0000] {subprocess.py:93} INFO - req            INFO 	No cached data found for lap_count. Loading data...
[2026-05-05T18:31:46.924+0000] {subprocess.py:93} INFO - _api           INFO 	Fetching lap count data...
[2026-05-05T18:31:47.188+0000] {subprocess.py:93} INFO - req            INFO 	Data has been written to cache!
[2026-05-05T18:31:47.188+0000] {subprocess.py:93} INFO - req            INFO 	No cached data found for track_status_data. Loading data...
[2026-05-05T18:31:47.189+0000] {subprocess.py:93} INFO - _api           INFO 	Fetching track status data...
[2026-05-05T18:31:47.447+0000] {subprocess.py:93} INFO - req            INFO 	Data has been written to cache!
[2026-05-05T18:31:47.448+0000] {subprocess.py:93} INFO - req            INFO 	No cached data found for _extended_timing_data. Loading data...
[2026-05-05T18:31:47.448+0000] {subprocess.py:93} INFO - _api           INFO 	Fetching timing data...
[2026-05-05T18:31:48.986+0000] {subprocess.py:93} INFO - _api           INFO 	Parsing timing data...
[2026-05-05T18:31:49.684+0000] {subprocess.py:93} INFO - req            INFO 	Data has been written to cache!
[2026-05-05T18:31:49.685+0000] {subprocess.py:93} INFO - req            INFO 	No cached data found for timing_app_data. Loading data...
[2026-05-05T18:31:49.685+0000] {subprocess.py:93} INFO - _api           INFO 	Fetching timing app data...
[2026-05-05T18:31:49.781+0000] {subprocess.py:93} INFO - req            INFO 	Data has been written to cache!
[2026-05-05T18:31:49.781+0000] {subprocess.py:93} INFO - core           INFO 	Processing timing data...
[2026-05-05T18:31:50.276+0000] {subprocess.py:93} INFO - core        WARNING 	Driver 12 completed the race distance 00:00.027000 before the recorded end of the session.
[2026-05-05T18:31:50.322+0000] {subprocess.py:93} INFO - req            INFO 	No cached data found for weather_data. Loading data...
[2026-05-05T18:31:50.323+0000] {subprocess.py:93} INFO - _api           INFO 	Fetching weather data...
[2026-05-05T18:31:50.819+0000] {subprocess.py:93} INFO - req            INFO 	Data has been written to cache!
[2026-05-05T18:31:50.821+0000] {subprocess.py:93} INFO - req            INFO 	No cached data found for race_control_messages. Loading data...
[2026-05-05T18:31:50.822+0000] {subprocess.py:93} INFO - _api           INFO 	Fetching race control messages...
[2026-05-05T18:31:50.903+0000] {subprocess.py:93} INFO - req            INFO 	Data has been written to cache!
[2026-05-05T18:31:50.928+0000] {subprocess.py:93} INFO - core           INFO 	Finished loading data for 22 drivers: ['12', '1', '81', '63', '3', '44', '43', '16', '55', '23', '87', '5', '31', '41', '14', '11', '18', '77', '27', '30', '10', '6']
[2026-05-05T18:31:50.968+0000] {subprocess.py:93} INFO - core           INFO 	Loading data for Miami Grand Prix - Race [v3.8.2]
[2026-05-05T18:31:50.968+0000] {subprocess.py:93} INFO - req            INFO 	Using cached data for session_info
[2026-05-05T18:31:50.969+0000] {subprocess.py:93} INFO - req            INFO 	Using cached data for driver_info
[2026-05-05T18:31:50.978+0000] {subprocess.py:93} INFO - req            INFO 	Using cached data for session_status_data
[2026-05-05T18:31:50.978+0000] {subprocess.py:93} INFO - req            INFO 	Using cached data for lap_count
[2026-05-05T18:31:50.978+0000] {subprocess.py:93} INFO - req            INFO 	Using cached data for track_status_data
[2026-05-05T18:31:50.985+0000] {subprocess.py:93} INFO - req            INFO 	Using cached data for _extended_timing_data
[2026-05-05T18:31:50.986+0000] {subprocess.py:93} INFO - req            INFO 	Using cached data for timing_app_data
[2026-05-05T18:31:50.991+0000] {subprocess.py:93} INFO - core           INFO 	Processing timing data...
[2026-05-05T18:31:51.378+0000] {subprocess.py:93} INFO - core        WARNING 	Driver 12 completed the race distance 00:00.027000 before the recorded end of the session.
[2026-05-05T18:31:51.409+0000] {subprocess.py:93} INFO - req            INFO 	Using cached data for weather_data
[2026-05-05T18:31:51.414+0000] {subprocess.py:93} INFO - req            INFO 	Using cached data for race_control_messages
[2026-05-05T18:31:51.424+0000] {subprocess.py:93} INFO - core           INFO 	Finished loading data for 22 drivers: ['12', '1', '81', '63', '3', '44', '43', '16', '55', '23', '87', '5', '31', '41', '14', '11', '18', '77', '27', '30', '10', '6']
[2026-05-05T18:31:51.431+0000] {subprocess.py:93} INFO - Ingested up to 2026 R4
[2026-05-05T18:31:51.576+0000] {subprocess.py:97} INFO - Command exited with return code 0
[2026-05-05T18:31:51.634+0000] {taskinstance.py:1138} INFO - Marking task as SUCCESS. dag_id=f1_bigdata_pipeline, task_id=ingest_bronze_latest, execution_date=20260505T183120, start_date=20260505T183123, end_date=20260505T183151
[2026-05-05T18:31:51.698+0000] {local_task_job_runner.py:234} INFO - Task exited with return code 0
[2026-05-05T18:31:51.737+0000] {taskinstance.py:3280} INFO - 1 downstream tasks scheduled from follow-on schedule check
