[2026-05-05T18:37:28.565+0000] {taskinstance.py:1956} INFO - Dependencies all met for dep_context=non-requeueable deps ti=<TaskInstance: f1_bigdata_pipeline.agentic_ai_briefing manual__2026-05-05T18:31:20.035006+00:00 [queued]>
[2026-05-05T18:37:28.578+0000] {taskinstance.py:1956} INFO - Dependencies all met for dep_context=requeueable deps ti=<TaskInstance: f1_bigdata_pipeline.agentic_ai_briefing manual__2026-05-05T18:31:20.035006+00:00 [queued]>
[2026-05-05T18:37:28.580+0000] {taskinstance.py:2170} INFO - Starting attempt 1 of 3
[2026-05-05T18:37:28.597+0000] {taskinstance.py:2191} INFO - Executing <Task(BashOperator): agentic_ai_briefing> on 2026-05-05 18:31:20.035006+00:00
[2026-05-05T18:37:28.607+0000] {standard_task_runner.py:60} INFO - Started process 17791 to run task
[2026-05-05T18:37:28.633+0000] {standard_task_runner.py:87} INFO - Running: ['airflow', 'tasks', 'run', 'f1_bigdata_pipeline', 'agentic_ai_briefing', 'manual__2026-05-05T18:31:20.035006+00:00', '--job-id', '64', '--raw', '--subdir', 'DAGS_FOLDER/f1_pipeline_dag.py', '--cfg-path', '/tmp/tmp_bn132fj']
[2026-05-05T18:37:28.642+0000] {standard_task_runner.py:88} INFO - Job 64: Subtask agentic_ai_briefing
[2026-05-05T18:37:28.708+0000] {task_command.py:423} INFO - Running <TaskInstance: f1_bigdata_pipeline.agentic_ai_briefing manual__2026-05-05T18:31:20.035006+00:00 [running]> on host 6879df3dac39
[2026-05-05T18:37:28.790+0000] {taskinstance.py:2480} INFO - Exporting env vars: AIRFLOW_CTX_DAG_OWNER='f1_bigdata' AIRFLOW_CTX_DAG_ID='f1_bigdata_pipeline' AIRFLOW_CTX_TASK_ID='agentic_ai_briefing' AIRFLOW_CTX_EXECUTION_DATE='2026-05-05T18:31:20.035006+00:00' AIRFLOW_CTX_TRY_NUMBER='1' AIRFLOW_CTX_DAG_RUN_ID='manual__2026-05-05T18:31:20.035006+00:00'
[2026-05-05T18:37:28.791+0000] {subprocess.py:63} INFO - Tmp dir root location: /tmp
[2026-05-05T18:37:28.791+0000] {subprocess.py:75} INFO - Running command: ['/usr/bin/bash', '-c', '\n        cd /opt/airflow &&\n        python -c "\nimport sys\nsys.path.insert(0, \'/opt/airflow\')\nfrom agents.agentic_pipeline import build_agent_graph, AgentState\nfrom datetime import datetime\n\npipeline = build_agent_graph()\nstate = {\n    \'data_health\': {}, \'ingestion_status\': \'\', \'data_issues\': [],\n    \'new_features_proposed\': [], \'new_features_accepted\': [],\n    \'feature_test_results\': {}, \'model_performance\': {},\n    \'model_recommendations\': [], \'retrain_triggered\': False,\n    \'race_briefing\': \'\', \'predictions\': {},\n    \'phase\': \'airflow_scheduled\', \'errors\': [],\n    \'timestamp\': datetime.now().isoformat(),\n}\nfinal = pipeline.invoke(state)\nprint(f\'Agentic AI complete\')\nprint(final.get(\'race_briefing\', \'No briefing\'))\n"\n    ']
[2026-05-05T18:37:28.800+0000] {subprocess.py:86} INFO - Output:
[2026-05-05T18:37:31.240+0000] {subprocess.py:93} INFO - Traceback (most recent call last):
[2026-05-05T18:37:31.242+0000] {subprocess.py:93} INFO -   File "<string>", line 4, in <module>
[2026-05-05T18:37:31.242+0000] {subprocess.py:93} INFO -   File "/opt/airflow/agents/agentic_pipeline.py", line 35, in <module>
[2026-05-05T18:37:31.242+0000] {subprocess.py:93} INFO -     from agent_memory import save_agent_memory, load_memory, get_memory_context
[2026-05-05T18:37:31.242+0000] {subprocess.py:93} INFO - ModuleNotFoundError: No module named 'agent_memory'
[2026-05-05T18:37:31.406+0000] {subprocess.py:97} INFO - Command exited with return code 1
[2026-05-05T18:37:31.426+0000] {taskinstance.py:2698} ERROR - Task failed with exception
Traceback (most recent call last):
  File "/home/airflow/.local/lib/python3.11/site-packages/airflow/models/taskinstance.py", line 433, in _execute_task
    result = execute_callable(context=context, **execute_callable_kwargs)
             ^^^^^^^^^^^^^^^^^^^^^^^^^^^^^^^^^^^^^^^^^^^^^^^^^^^^^^^^^^^^
  File "/home/airflow/.local/lib/python3.11/site-packages/airflow/operators/bash.py", line 212, in execute
    raise AirflowException(
airflow.exceptions.AirflowException: Bash command failed. The command returned a non-zero exit code 1.
[2026-05-05T18:37:31.431+0000] {taskinstance.py:1138} INFO - Marking task as UP_FOR_RETRY. dag_id=f1_bigdata_pipeline, task_id=agentic_ai_briefing, execution_date=20260505T183120, start_date=20260505T183728, end_date=20260505T183731
[2026-05-05T18:37:31.441+0000] {standard_task_runner.py:107} ERROR - Failed to execute job 64 for task agentic_ai_briefing (Bash command failed. The command returned a non-zero exit code 1.; 17791)
[2026-05-05T18:37:31.469+0000] {local_task_job_runner.py:234} INFO - Task exited with return code 1
[2026-05-05T18:37:31.508+0000] {taskinstance.py:3280} INFO - 0 downstream tasks scheduled from follow-on schedule check
