[2026-05-04T06:39:26.473+0000] {taskinstance.py:1956} INFO - Dependencies all met for dep_context=non-requeueable deps ti=<TaskInstance: f1_bigdata_pipeline.ingest_bronze_latest scheduled__2026-04-27T06:00:00+00:00 [queued]>
[2026-05-04T06:39:26.475+0000] {taskinstance.py:1956} INFO - Dependencies all met for dep_context=requeueable deps ti=<TaskInstance: f1_bigdata_pipeline.ingest_bronze_latest scheduled__2026-04-27T06:00:00+00:00 [queued]>
[2026-05-04T06:39:26.475+0000] {taskinstance.py:2170} INFO - Starting attempt 1 of 3
[2026-05-04T06:39:26.480+0000] {taskinstance.py:2191} INFO - Executing <Task(BashOperator): ingest_bronze_latest> on 2026-04-27 06:00:00+00:00
[2026-05-04T06:39:26.489+0000] {standard_task_runner.py:60} INFO - Started process 14085 to run task
[2026-05-04T06:39:26.491+0000] {standard_task_runner.py:87} INFO - Running: ['airflow', 'tasks', 'run', 'f1_bigdata_pipeline', 'ingest_bronze_latest', 'scheduled__2026-04-27T06:00:00+00:00', '--job-id', '57', '--raw', '--subdir', 'DAGS_FOLDER/f1_pipeline_dag.py', '--cfg-path', '/tmp/tmpalpthyp2']
[2026-05-04T06:39:26.492+0000] {standard_task_runner.py:88} INFO - Job 57: Subtask ingest_bronze_latest
[2026-05-04T06:39:26.526+0000] {task_command.py:423} INFO - Running <TaskInstance: f1_bigdata_pipeline.ingest_bronze_latest scheduled__2026-04-27T06:00:00+00:00 [running]> on host 6879df3dac39
[2026-05-04T06:39:26.554+0000] {logging_mixin.py:188} WARNING - /home/airflow/.local/lib/python3.11/site-packages/airflow/utils/context.py:207 AirflowContextDeprecationWarning: Accessing 'execution_date' from the template is deprecated and will be removed in a future version. Please use 'data_interval_start' or 'logical_date' instead.
[2026-05-04T06:39:26.570+0000] {taskinstance.py:2480} INFO - Exporting env vars: AIRFLOW_CTX_DAG_OWNER='f1_bigdata' AIRFLOW_CTX_DAG_ID='f1_bigdata_pipeline' AIRFLOW_CTX_TASK_ID='ingest_bronze_latest' AIRFLOW_CTX_EXECUTION_DATE='2026-04-27T06:00:00+00:00' AIRFLOW_CTX_TRY_NUMBER='1' AIRFLOW_CTX_DAG_RUN_ID='scheduled__2026-04-27T06:00:00+00:00'
[2026-05-04T06:39:26.571+0000] {subprocess.py:63} INFO - Tmp dir root location: /tmp
[2026-05-04T06:39:26.575+0000] {subprocess.py:75} INFO - Running command: ['/usr/bin/bash', '-c', '\n        cd /opt/airflow &&\n        python -c "\nimport sys\nsys.path.insert(0, \'/opt/airflow\')\nfrom ingestion.bronze_ingestion import ErgastIngestion, FastF1Ingestion\nimport fastf1, time\n\nseason = 2026\nergast = ErgastIngestion()\nergast.ingest_race_results(season)\ntime.sleep(2)\nergast.ingest_qualifying(season)\ntime.sleep(2)\nergast.ingest_pit_stops(season)\ntime.sleep(2)\nergast.ingest_driver_standings(season)\n\nff1 = FastF1Ingestion()\nschedule = fastf1.get_event_schedule(season)\nlatest_round = schedule[schedule[\'EventDate\'] < \'2026-04-27\'][\'RoundNumber\'].max()\nif latest_round > 0:\n    ff1.ingest_session_laps(season, int(latest_round), \'R\')\n    ff1.ingest_weather(season, int(latest_round), \'R\')\nprint(f\'Ingested up to {season} R{latest_round}\')\n"\n    ']
[2026-05-04T06:39:26.592+0000] {subprocess.py:86} INFO - Output:
[2026-05-04T06:39:34.666+0000] {subprocess.py:93} INFO - Pit stops 2026 R1: HTTPSConnectionPool(host='api.jolpi.ca', port=443): Max retries exceeded with url: /ergast/f1/2026/1/pitstops.json?limit=100&offset=0 (Caused by SSLError(SSLEOFError(8, '[SSL: UNEXPECTED_EOF_WHILE_READING] EOF occurred in violation of protocol (_ssl.c:1006)')))
[2026-05-04T06:39:49.659+0000] {subprocess.py:93} INFO - core           INFO 	Loading data for Japanese Grand Prix - Race [v3.8.2]
[2026-05-04T06:39:49.664+0000] {subprocess.py:93} INFO - req            INFO 	Using cached data for session_info
[2026-05-04T06:39:49.665+0000] {subprocess.py:93} INFO - req            INFO 	Using cached data for driver_info
[2026-05-04T06:39:50.308+0000] {subprocess.py:93} INFO - req            INFO 	Using cached data for session_status_data
[2026-05-04T06:39:50.312+0000] {subprocess.py:93} INFO - req            INFO 	Using cached data for lap_count
[2026-05-04T06:39:50.314+0000] {subprocess.py:93} INFO - req            INFO 	Using cached data for track_status_data
[2026-05-04T06:39:50.327+0000] {subprocess.py:93} INFO - req            INFO 	Using cached data for _extended_timing_data
[2026-05-04T06:39:50.328+0000] {subprocess.py:93} INFO - req            INFO 	Using cached data for timing_app_data
[2026-05-04T06:39:50.330+0000] {subprocess.py:93} INFO - core           INFO 	Processing timing data...
[2026-05-04T06:39:50.890+0000] {subprocess.py:93} INFO - req            INFO 	Using cached data for weather_data
[2026-05-04T06:39:50.891+0000] {subprocess.py:93} INFO - req            INFO 	Using cached data for race_control_messages
[2026-05-04T06:39:50.895+0000] {subprocess.py:93} INFO - core           INFO 	Finished loading data for 22 drivers: ['12', '81', '16', '63', '1', '44', '10', '3', '30', '31', '27', '6', '5', '41', '55', '43', '11', '14', '77', '23', '18', '87']
[2026-05-04T06:39:50.927+0000] {subprocess.py:93} INFO - core           INFO 	Loading data for Japanese Grand Prix - Race [v3.8.2]
[2026-05-04T06:39:50.928+0000] {subprocess.py:93} INFO - req            INFO 	Using cached data for session_info
[2026-05-04T06:39:50.928+0000] {subprocess.py:93} INFO - req            INFO 	Using cached data for driver_info
[2026-05-04T06:39:50.936+0000] {subprocess.py:93} INFO - req            INFO 	Using cached data for session_status_data
[2026-05-04T06:39:50.937+0000] {subprocess.py:93} INFO - req            INFO 	Using cached data for lap_count
[2026-05-04T06:39:50.937+0000] {subprocess.py:93} INFO - req            INFO 	Using cached data for track_status_data
[2026-05-04T06:39:50.943+0000] {subprocess.py:93} INFO - req            INFO 	Using cached data for _extended_timing_data
[2026-05-04T06:39:50.944+0000] {subprocess.py:93} INFO - req            INFO 	Using cached data for timing_app_data
[2026-05-04T06:39:50.951+0000] {subprocess.py:93} INFO - core           INFO 	Processing timing data...
[2026-05-04T06:39:51.348+0000] {subprocess.py:93} INFO - req            INFO 	Using cached data for weather_data
[2026-05-04T06:39:51.349+0000] {subprocess.py:93} INFO - req            INFO 	Using cached data for race_control_messages
[2026-05-04T06:39:51.354+0000] {subprocess.py:93} INFO - core           INFO 	Finished loading data for 22 drivers: ['12', '81', '16', '63', '1', '44', '10', '3', '30', '31', '27', '6', '5', '41', '55', '43', '11', '14', '77', '23', '18', '87']
[2026-05-04T06:39:51.367+0000] {subprocess.py:93} INFO - Ingested up to 2026 R3
[2026-05-04T06:39:51.518+0000] {subprocess.py:97} INFO - Command exited with return code 0
[2026-05-04T06:39:51.562+0000] {taskinstance.py:1138} INFO - Marking task as SUCCESS. dag_id=f1_bigdata_pipeline, task_id=ingest_bronze_latest, execution_date=20260427T060000, start_date=20260504T063926, end_date=20260504T063951
[2026-05-04T06:39:51.597+0000] {local_task_job_runner.py:234} INFO - Task exited with return code 0
[2026-05-04T06:39:51.626+0000] {taskinstance.py:3280} INFO - 1 downstream tasks scheduled from follow-on schedule check
