[2026-05-05T18:45:26.837+0000] {taskinstance.py:1956} INFO - Dependencies all met for dep_context=non-requeueable deps ti=<TaskInstance: f1_bigdata_pipeline.ingest_bronze_latest scheduled__2026-04-27T06:00:00+00:00 [queued]>
[2026-05-05T18:45:26.840+0000] {taskinstance.py:1956} INFO - Dependencies all met for dep_context=requeueable deps ti=<TaskInstance: f1_bigdata_pipeline.ingest_bronze_latest scheduled__2026-04-27T06:00:00+00:00 [queued]>
[2026-05-05T18:45:26.840+0000] {taskinstance.py:2170} INFO - Starting attempt 2 of 4
[2026-05-05T18:45:26.844+0000] {taskinstance.py:2191} INFO - Executing <Task(BashOperator): ingest_bronze_latest> on 2026-04-27 06:00:00+00:00
[2026-05-05T18:45:26.848+0000] {standard_task_runner.py:60} INFO - Started process 17930 to run task
[2026-05-05T18:45:26.849+0000] {standard_task_runner.py:87} INFO - Running: ['airflow', 'tasks', 'run', 'f1_bigdata_pipeline', 'ingest_bronze_latest', 'scheduled__2026-04-27T06:00:00+00:00', '--job-id', '66', '--raw', '--subdir', 'DAGS_FOLDER/f1_pipeline_dag.py', '--cfg-path', '/tmp/tmpo1v7bwf3']
[2026-05-05T18:45:26.851+0000] {standard_task_runner.py:88} INFO - Job 66: Subtask ingest_bronze_latest
[2026-05-05T18:45:26.877+0000] {task_command.py:423} INFO - Running <TaskInstance: f1_bigdata_pipeline.ingest_bronze_latest scheduled__2026-04-27T06:00:00+00:00 [running]> on host 6879df3dac39
[2026-05-05T18:45:26.902+0000] {logging_mixin.py:188} WARNING - /home/airflow/.local/lib/python3.11/site-packages/airflow/utils/context.py:207 AirflowContextDeprecationWarning: Accessing 'execution_date' from the template is deprecated and will be removed in a future version. Please use 'data_interval_start' or 'logical_date' instead.
[2026-05-05T18:45:26.920+0000] {taskinstance.py:2480} INFO - Exporting env vars: AIRFLOW_CTX_DAG_OWNER='f1_bigdata' AIRFLOW_CTX_DAG_ID='f1_bigdata_pipeline' AIRFLOW_CTX_TASK_ID='ingest_bronze_latest' AIRFLOW_CTX_EXECUTION_DATE='2026-04-27T06:00:00+00:00' AIRFLOW_CTX_TRY_NUMBER='2' AIRFLOW_CTX_DAG_RUN_ID='scheduled__2026-04-27T06:00:00+00:00'
[2026-05-05T18:45:26.921+0000] {subprocess.py:63} INFO - Tmp dir root location: /tmp
[2026-05-05T18:45:26.922+0000] {subprocess.py:75} INFO - Running command: ['/usr/bin/bash', '-c', '\n        cd /opt/airflow &&\n        python -c "\nimport sys\nsys.path.insert(0, \'/opt/airflow\')\nfrom ingestion.bronze_ingestion import ErgastIngestion, FastF1Ingestion\nimport fastf1, time\n\nseason = 2026\nergast = ErgastIngestion()\nergast.ingest_race_results(season)\ntime.sleep(2)\nergast.ingest_qualifying(season)\ntime.sleep(2)\nergast.ingest_pit_stops(season)\ntime.sleep(2)\nergast.ingest_driver_standings(season)\n\nff1 = FastF1Ingestion()\nschedule = fastf1.get_event_schedule(season)\nlatest_round = schedule[schedule[\'EventDate\'] < \'2026-04-27\'][\'RoundNumber\'].max()\nif latest_round > 0:\n    ff1.ingest_session_laps(season, int(latest_round), \'R\')\n    ff1.ingest_weather(season, int(latest_round), \'R\')\nprint(f\'Ingested up to {season} R{latest_round}\')\n"\n    ']
[2026-05-05T18:45:26.928+0000] {subprocess.py:86} INFO - Output:
[2026-05-05T18:45:47.585+0000] {subprocess.py:93} INFO - core           INFO 	Loading data for Japanese Grand Prix - Race [v3.8.2]
[2026-05-05T18:45:47.588+0000] {subprocess.py:93} INFO - req            INFO 	Using cached data for session_info
[2026-05-05T18:45:47.589+0000] {subprocess.py:93} INFO - req            INFO 	Using cached data for driver_info
[2026-05-05T18:45:48.109+0000] {subprocess.py:93} INFO - req            INFO 	Using cached data for session_status_data
[2026-05-05T18:45:48.110+0000] {subprocess.py:93} INFO - req            INFO 	Using cached data for lap_count
[2026-05-05T18:45:48.111+0000] {subprocess.py:93} INFO - req            INFO 	Using cached data for track_status_data
[2026-05-05T18:45:48.122+0000] {subprocess.py:93} INFO - req            INFO 	Using cached data for _extended_timing_data
[2026-05-05T18:45:48.123+0000] {subprocess.py:93} INFO - req            INFO 	Using cached data for timing_app_data
[2026-05-05T18:45:48.129+0000] {subprocess.py:93} INFO - core           INFO 	Processing timing data...
[2026-05-05T18:45:48.658+0000] {subprocess.py:93} INFO - req            INFO 	Using cached data for weather_data
[2026-05-05T18:45:48.660+0000] {subprocess.py:93} INFO - req            INFO 	Using cached data for race_control_messages
[2026-05-05T18:45:48.666+0000] {subprocess.py:93} INFO - core           INFO 	Finished loading data for 22 drivers: ['12', '81', '16', '63', '1', '44', '10', '3', '30', '31', '27', '6', '5', '41', '55', '43', '11', '14', '77', '23', '18', '87']
[2026-05-05T18:45:48.691+0000] {subprocess.py:93} INFO - core           INFO 	Loading data for Japanese Grand Prix - Race [v3.8.2]
[2026-05-05T18:45:48.692+0000] {subprocess.py:93} INFO - req            INFO 	Using cached data for session_info
[2026-05-05T18:45:48.692+0000] {subprocess.py:93} INFO - req            INFO 	Using cached data for driver_info
[2026-05-05T18:45:48.700+0000] {subprocess.py:93} INFO - req            INFO 	Using cached data for session_status_data
[2026-05-05T18:45:48.701+0000] {subprocess.py:93} INFO - req            INFO 	Using cached data for lap_count
[2026-05-05T18:45:48.701+0000] {subprocess.py:93} INFO - req            INFO 	Using cached data for track_status_data
[2026-05-05T18:45:48.706+0000] {subprocess.py:93} INFO - req            INFO 	Using cached data for _extended_timing_data
[2026-05-05T18:45:48.707+0000] {subprocess.py:93} INFO - req            INFO 	Using cached data for timing_app_data
[2026-05-05T18:45:48.708+0000] {subprocess.py:93} INFO - core           INFO 	Processing timing data...
[2026-05-05T18:45:49.152+0000] {subprocess.py:93} INFO - req            INFO 	Using cached data for weather_data
[2026-05-05T18:45:49.155+0000] {subprocess.py:93} INFO - req            INFO 	Using cached data for race_control_messages
[2026-05-05T18:45:49.158+0000] {subprocess.py:93} INFO - core           INFO 	Finished loading data for 22 drivers: ['12', '81', '16', '63', '1', '44', '10', '3', '30', '31', '27', '6', '5', '41', '55', '43', '11', '14', '77', '23', '18', '87']
[2026-05-05T18:45:49.169+0000] {subprocess.py:93} INFO - Ingested up to 2026 R3
[2026-05-05T18:45:49.306+0000] {subprocess.py:97} INFO - Command exited with return code 0
[2026-05-05T18:45:49.351+0000] {taskinstance.py:1138} INFO - Marking task as SUCCESS. dag_id=f1_bigdata_pipeline, task_id=ingest_bronze_latest, execution_date=20260427T060000, start_date=20260505T184526, end_date=20260505T184549
[2026-05-05T18:45:49.424+0000] {local_task_job_runner.py:234} INFO - Task exited with return code 0
[2026-05-05T18:45:49.444+0000] {taskinstance.py:3280} INFO - 1 downstream tasks scheduled from follow-on schedule check
