[2026-05-05T18:31:52.482+0000] {taskinstance.py:1956} INFO - Dependencies all met for dep_context=non-requeueable deps ti=<TaskInstance: f1_bigdata_pipeline.spark_silver_transform manual__2026-05-05T18:31:20.035006+00:00 [queued]>
[2026-05-05T18:31:52.485+0000] {taskinstance.py:1956} INFO - Dependencies all met for dep_context=requeueable deps ti=<TaskInstance: f1_bigdata_pipeline.spark_silver_transform manual__2026-05-05T18:31:20.035006+00:00 [queued]>
[2026-05-05T18:31:52.485+0000] {taskinstance.py:2170} INFO - Starting attempt 1 of 3
[2026-05-05T18:31:52.491+0000] {taskinstance.py:2191} INFO - Executing <Task(BashOperator): spark_silver_transform> on 2026-05-05 18:31:20.035006+00:00
[2026-05-05T18:31:52.496+0000] {standard_task_runner.py:60} INFO - Started process 17498 to run task
[2026-05-05T18:31:52.499+0000] {standard_task_runner.py:87} INFO - Running: ['airflow', 'tasks', 'run', 'f1_bigdata_pipeline', 'spark_silver_transform', 'manual__2026-05-05T18:31:20.035006+00:00', '--job-id', '61', '--raw', '--subdir', 'DAGS_FOLDER/f1_pipeline_dag.py', '--cfg-path', '/tmp/tmpwfe5jur3']
[2026-05-05T18:31:52.500+0000] {standard_task_runner.py:88} INFO - Job 61: Subtask spark_silver_transform
[2026-05-05T18:31:52.527+0000] {task_command.py:423} INFO - Running <TaskInstance: f1_bigdata_pipeline.spark_silver_transform manual__2026-05-05T18:31:20.035006+00:00 [running]> on host 6879df3dac39
[2026-05-05T18:31:52.564+0000] {taskinstance.py:2480} INFO - Exporting env vars: AIRFLOW_CTX_DAG_OWNER='f1_bigdata' AIRFLOW_CTX_DAG_ID='f1_bigdata_pipeline' AIRFLOW_CTX_TASK_ID='spark_silver_transform' AIRFLOW_CTX_EXECUTION_DATE='2026-05-05T18:31:20.035006+00:00' AIRFLOW_CTX_TRY_NUMBER='1' AIRFLOW_CTX_DAG_RUN_ID='manual__2026-05-05T18:31:20.035006+00:00'
[2026-05-05T18:31:52.564+0000] {subprocess.py:63} INFO - Tmp dir root location: /tmp
[2026-05-05T18:31:52.565+0000] {subprocess.py:75} INFO - Running command: ['/usr/bin/bash', '-c', '\n        docker exec f1_spark_master /opt/spark/bin/spark-submit             --master spark://spark-master:7077             --driver-memory 1g             --executor-memory 1g             /opt/spark-jobs/spark_silver.py\n    ']
[2026-05-05T18:31:52.569+0000] {subprocess.py:86} INFO - Output:
[2026-05-05T18:31:54.547+0000] {subprocess.py:93} INFO - 26/05/05 18:31:54 INFO SparkContext: Running Spark version 3.5.1
[2026-05-05T18:31:54.550+0000] {subprocess.py:93} INFO - 26/05/05 18:31:54 INFO SparkContext: OS info Linux, 6.6.32-linuxkit, aarch64
[2026-05-05T18:31:54.550+0000] {subprocess.py:93} INFO - 26/05/05 18:31:54 INFO SparkContext: Java version 11.0.22
[2026-05-05T18:31:54.580+0000] {subprocess.py:93} INFO - 26/05/05 18:31:54 WARN NativeCodeLoader: Unable to load native-hadoop library for your platform... using builtin-java classes where applicable
[2026-05-05T18:31:54.626+0000] {subprocess.py:93} INFO - 26/05/05 18:31:54 INFO ResourceUtils: ==============================================================
[2026-05-05T18:31:54.627+0000] {subprocess.py:93} INFO - 26/05/05 18:31:54 INFO ResourceUtils: No custom resources configured for spark.driver.
[2026-05-05T18:31:54.627+0000] {subprocess.py:93} INFO - 26/05/05 18:31:54 INFO ResourceUtils: ==============================================================
[2026-05-05T18:31:54.627+0000] {subprocess.py:93} INFO - 26/05/05 18:31:54 INFO SparkContext: Submitted application: F1_BigData_Silver
[2026-05-05T18:31:54.637+0000] {subprocess.py:93} INFO - 26/05/05 18:31:54 INFO ResourceProfile: Default ResourceProfile created, executor resources: Map(memory -> name: memory, amount: 1024, script: , vendor: , offHeap -> name: offHeap, amount: 0, script: , vendor: ), task resources: Map(cpus -> name: cpus, amount: 1.0)
[2026-05-05T18:31:54.642+0000] {subprocess.py:93} INFO - 26/05/05 18:31:54 INFO ResourceProfile: Limiting resource is cpu
[2026-05-05T18:31:54.642+0000] {subprocess.py:93} INFO - 26/05/05 18:31:54 INFO ResourceProfileManager: Added ResourceProfile id: 0
[2026-05-05T18:31:54.680+0000] {subprocess.py:93} INFO - 26/05/05 18:31:54 INFO SecurityManager: Changing view acls to: spark
[2026-05-05T18:31:54.680+0000] {subprocess.py:93} INFO - 26/05/05 18:31:54 INFO SecurityManager: Changing modify acls to: spark
[2026-05-05T18:31:54.681+0000] {subprocess.py:93} INFO - 26/05/05 18:31:54 INFO SecurityManager: Changing view acls groups to:
[2026-05-05T18:31:54.681+0000] {subprocess.py:93} INFO - 26/05/05 18:31:54 INFO SecurityManager: Changing modify acls groups to:
[2026-05-05T18:31:54.681+0000] {subprocess.py:93} INFO - 26/05/05 18:31:54 INFO SecurityManager: SecurityManager: authentication disabled; ui acls disabled; users with view permissions: spark; groups with view permissions: EMPTY; users with modify permissions: spark; groups with modify permissions: EMPTY
[2026-05-05T18:31:54.845+0000] {subprocess.py:93} INFO - 26/05/05 18:31:54 INFO Utils: Successfully started service 'sparkDriver' on port 40241.
[2026-05-05T18:31:54.892+0000] {subprocess.py:93} INFO - 26/05/05 18:31:54 INFO SparkEnv: Registering MapOutputTracker
[2026-05-05T18:31:54.910+0000] {subprocess.py:93} INFO - 26/05/05 18:31:54 INFO SparkEnv: Registering BlockManagerMaster
[2026-05-05T18:31:54.918+0000] {subprocess.py:93} INFO - 26/05/05 18:31:54 INFO BlockManagerMasterEndpoint: Using org.apache.spark.storage.DefaultTopologyMapper for getting topology information
[2026-05-05T18:31:54.918+0000] {subprocess.py:93} INFO - 26/05/05 18:31:54 INFO BlockManagerMasterEndpoint: BlockManagerMasterEndpoint up
[2026-05-05T18:31:54.929+0000] {subprocess.py:93} INFO - 26/05/05 18:31:54 INFO SparkEnv: Registering BlockManagerMasterHeartbeat
[2026-05-05T18:31:54.944+0000] {subprocess.py:93} INFO - 26/05/05 18:31:54 INFO DiskBlockManager: Created local directory at /tmp/blockmgr-5d2330aa-385a-4373-84a3-463d0a43c114
[2026-05-05T18:31:54.950+0000] {subprocess.py:93} INFO - 26/05/05 18:31:54 INFO MemoryStore: MemoryStore started with capacity 434.4 MiB
[2026-05-05T18:31:54.977+0000] {subprocess.py:93} INFO - 26/05/05 18:31:54 INFO SparkEnv: Registering OutputCommitCoordinator
[2026-05-05T18:31:55.078+0000] {subprocess.py:93} INFO - 26/05/05 18:31:55 INFO JettyUtils: Start Jetty 0.0.0.0:4040 for SparkUI
[2026-05-05T18:31:55.218+0000] {subprocess.py:93} INFO - 26/05/05 18:31:55 INFO Utils: Successfully started service 'SparkUI' on port 4040.
[2026-05-05T18:31:55.487+0000] {subprocess.py:93} INFO - 26/05/05 18:31:55 INFO StandaloneAppClient$ClientEndpoint: Connecting to master spark://spark-master:7077...
[2026-05-05T18:31:55.560+0000] {subprocess.py:93} INFO - 26/05/05 18:31:55 INFO TransportClientFactory: Successfully created connection to spark-master/172.20.0.3:7077 after 35 ms (0 ms spent in bootstraps)
[2026-05-05T18:31:55.766+0000] {subprocess.py:93} INFO - 26/05/05 18:31:55 INFO StandaloneSchedulerBackend: Connected to Spark cluster with app ID app-20260505183155-0004
[2026-05-05T18:31:55.773+0000] {subprocess.py:93} INFO - 26/05/05 18:31:55 INFO Utils: Successfully started service 'org.apache.spark.network.netty.NettyBlockTransferService' on port 33415.
[2026-05-05T18:31:55.775+0000] {subprocess.py:93} INFO - 26/05/05 18:31:55 INFO NettyBlockTransferService: Server created on e8718f0f08fc:33415
[2026-05-05T18:31:55.775+0000] {subprocess.py:93} INFO - 26/05/05 18:31:55 INFO StandaloneAppClient$ClientEndpoint: Executor added: app-20260505183155-0004/0 on worker-20260502140747-172.20.0.4-34417 (172.20.0.4:34417) with 2 core(s)
[2026-05-05T18:31:55.776+0000] {subprocess.py:93} INFO - 26/05/05 18:31:55 INFO BlockManager: Using org.apache.spark.storage.RandomBlockReplicationPolicy for block replication policy
[2026-05-05T18:31:55.777+0000] {subprocess.py:93} INFO - 26/05/05 18:31:55 INFO StandaloneSchedulerBackend: Granted executor ID app-20260505183155-0004/0 on hostPort 172.20.0.4:34417 with 2 core(s), 1024.0 MiB RAM
[2026-05-05T18:31:55.778+0000] {subprocess.py:93} INFO - 26/05/05 18:31:55 INFO StandaloneAppClient$ClientEndpoint: Executor added: app-20260505183155-0004/1 on worker-20260502140747-172.20.0.5-35617 (172.20.0.5:35617) with 2 core(s)
[2026-05-05T18:31:55.778+0000] {subprocess.py:93} INFO - 26/05/05 18:31:55 INFO StandaloneSchedulerBackend: Granted executor ID app-20260505183155-0004/1 on hostPort 172.20.0.5:35617 with 2 core(s), 1024.0 MiB RAM
[2026-05-05T18:31:55.778+0000] {subprocess.py:93} INFO - 26/05/05 18:31:55 INFO BlockManagerMaster: Registering BlockManager BlockManagerId(driver, e8718f0f08fc, 33415, None)
[2026-05-05T18:31:55.780+0000] {subprocess.py:93} INFO - 26/05/05 18:31:55 INFO BlockManagerMasterEndpoint: Registering block manager e8718f0f08fc:33415 with 434.4 MiB RAM, BlockManagerId(driver, e8718f0f08fc, 33415, None)
[2026-05-05T18:31:55.781+0000] {subprocess.py:93} INFO - 26/05/05 18:31:55 INFO BlockManagerMaster: Registered BlockManager BlockManagerId(driver, e8718f0f08fc, 33415, None)
[2026-05-05T18:31:55.782+0000] {subprocess.py:93} INFO - 26/05/05 18:31:55 INFO BlockManager: Initialized BlockManager: BlockManagerId(driver, e8718f0f08fc, 33415, None)
[2026-05-05T18:31:56.225+0000] {subprocess.py:93} INFO - 26/05/05 18:31:56 INFO StandaloneSchedulerBackend: SchedulerBackend is ready for scheduling beginning after reached minRegisteredResourcesRatio: 0.0
[2026-05-05T18:31:56.420+0000] {subprocess.py:93} INFO - F1 Big Data — Spark Silver Transform
[2026-05-05T18:31:56.421+0000] {subprocess.py:93} INFO - ============================================================
[2026-05-05T18:31:56.422+0000] {subprocess.py:93} INFO - ============================================================
[2026-05-05T18:31:56.422+0000] {subprocess.py:93} INFO - SILVER: Race Results
[2026-05-05T18:31:56.423+0000] {subprocess.py:93} INFO - ============================================================
[2026-05-05T18:32:09.714+0000] {subprocess.py:93} INFO - Read 3546 raw rows
[2026-05-05T18:32:10.421+0000] {subprocess.py:93} INFO - 26/05/05 18:32:10 WARN SparkStringUtils: Truncated the string representation of a plan since it was too large. This behavior can be adjusted by setting 'spark.sql.debug.maxToStringFields'.
[2026-05-05T18:32:18.872+0000] {subprocess.py:93} INFO - ✓ Silver race_results: 3546 rows
[2026-05-05T18:32:18.879+0000] {subprocess.py:93} INFO - ============================================================
[2026-05-05T18:32:18.884+0000] {subprocess.py:93} INFO - SILVER: Qualifying
[2026-05-05T18:32:18.891+0000] {subprocess.py:93} INFO - ============================================================
[2026-05-05T18:32:23.920+0000] {subprocess.py:93} INFO - ✓ Silver qualifying: 3540 rows
[2026-05-05T18:32:23.925+0000] {subprocess.py:93} INFO - ============================================================
[2026-05-05T18:32:23.935+0000] {subprocess.py:93} INFO - SILVER: Pit Stops
[2026-05-05T18:32:23.945+0000] {subprocess.py:93} INFO - ============================================================
[2026-05-05T18:32:27.895+0000] {subprocess.py:93} INFO - ✓ Silver pit_stops: 5696 rows
[2026-05-05T18:32:27.901+0000] {subprocess.py:93} INFO - ============================================================
[2026-05-05T18:32:27.902+0000] {subprocess.py:93} INFO - SILVER: Laps
[2026-05-05T18:32:27.903+0000] {subprocess.py:93} INFO - ============================================================
[2026-05-05T18:35:00.374+0000] {subprocess.py:93} INFO - 26/05/05 18:35:00 WARN DAGScheduler: Broadcasting large task binary with size 6.9 MiB
[2026-05-05T18:35:46.063+0000] {subprocess.py:93} INFO - 26/05/05 18:35:46 WARN DAGScheduler: Broadcasting large task binary with size 3.6 MiB
[2026-05-05T18:35:51.082+0000] {subprocess.py:93} INFO - 26/05/05 18:35:51 WARN DAGScheduler: Broadcasting large task binary with size 3.8 MiB
[2026-05-05T18:36:00.536+0000] {subprocess.py:93} INFO - 26/05/05 18:36:00 WARN DAGScheduler: Broadcasting large task binary with size 1641.7 KiB
[2026-05-05T18:36:10.318+0000] {subprocess.py:93} INFO - ✓ Silver laps: 182761 rows
[2026-05-05T18:36:10.326+0000] {subprocess.py:93} INFO - ============================================================
[2026-05-05T18:36:10.327+0000] {subprocess.py:93} INFO - SILVER: Race Master (Joined)
[2026-05-05T18:36:10.329+0000] {subprocess.py:93} INFO - ============================================================
[2026-05-05T18:36:12.165+0000] {subprocess.py:93} INFO - ✓ Silver race_master: 3546 rows, 32 columns
[2026-05-05T18:36:12.174+0000] {subprocess.py:93} INFO - 
[2026-05-05T18:36:12.174+0000] {subprocess.py:93} INFO - Spark Silver layer complete!
[2026-05-05T18:36:13.135+0000] {subprocess.py:97} INFO - Command exited with return code 0
[2026-05-05T18:36:13.347+0000] {taskinstance.py:1138} INFO - Marking task as SUCCESS. dag_id=f1_bigdata_pipeline, task_id=spark_silver_transform, execution_date=20260505T183120, start_date=20260505T183152, end_date=20260505T183613
[2026-05-05T18:36:13.438+0000] {local_task_job_runner.py:234} INFO - Task exited with return code 0
[2026-05-05T18:36:13.553+0000] {taskinstance.py:3280} INFO - 1 downstream tasks scheduled from follow-on schedule check
